Archive member included to satisfy reference by file (symbol)

d:/stm32_workbench/plugins/fr.ac6.mcu.externaltools.arm-none.win32_1.17.0.201812190825/tools/compiler/bin/../lib/gcc/arm-none-eabi/7.3.1/../../../../arm-none-eabi/lib/thumb/v7e-m/fpv4-sp/hard\libc.a(lib_a-errno.o)
                              src/syscalls.o (__errno)
d:/stm32_workbench/plugins/fr.ac6.mcu.externaltools.arm-none.win32_1.17.0.201812190825/tools/compiler/bin/../lib/gcc/arm-none-eabi/7.3.1/../../../../arm-none-eabi/lib/thumb/v7e-m/fpv4-sp/hard\libc.a(lib_a-exit.o)
                              d:/stm32_workbench/plugins/fr.ac6.mcu.externaltools.arm-none.win32_1.17.0.201812190825/tools/compiler/bin/../lib/gcc/arm-none-eabi/7.3.1/../../../../arm-none-eabi/lib/thumb/v7e-m/fpv4-sp/hard/crt0.o (exit)
d:/stm32_workbench/plugins/fr.ac6.mcu.externaltools.arm-none.win32_1.17.0.201812190825/tools/compiler/bin/../lib/gcc/arm-none-eabi/7.3.1/../../../../arm-none-eabi/lib/thumb/v7e-m/fpv4-sp/hard\libc.a(lib_a-impure.o)
                              d:/stm32_workbench/plugins/fr.ac6.mcu.externaltools.arm-none.win32_1.17.0.201812190825/tools/compiler/bin/../lib/gcc/arm-none-eabi/7.3.1/../../../../arm-none-eabi/lib/thumb/v7e-m/fpv4-sp/hard\libc.a(lib_a-exit.o) (_global_impure_ptr)
d:/stm32_workbench/plugins/fr.ac6.mcu.externaltools.arm-none.win32_1.17.0.201812190825/tools/compiler/bin/../lib/gcc/arm-none-eabi/7.3.1/../../../../arm-none-eabi/lib/thumb/v7e-m/fpv4-sp/hard\libc.a(lib_a-init.o)
                              d:/stm32_workbench/plugins/fr.ac6.mcu.externaltools.arm-none.win32_1.17.0.201812190825/tools/compiler/bin/../lib/gcc/arm-none-eabi/7.3.1/../../../../arm-none-eabi/lib/thumb/v7e-m/fpv4-sp/hard/crt0.o (__libc_init_array)
d:/stm32_workbench/plugins/fr.ac6.mcu.externaltools.arm-none.win32_1.17.0.201812190825/tools/compiler/bin/../lib/gcc/arm-none-eabi/7.3.1/../../../../arm-none-eabi/lib/thumb/v7e-m/fpv4-sp/hard\libc.a(lib_a-memcpy.o)
                              Third-Party/FreeRTOS/org/Source/queue.o (memcpy)
d:/stm32_workbench/plugins/fr.ac6.mcu.externaltools.arm-none.win32_1.17.0.201812190825/tools/compiler/bin/../lib/gcc/arm-none-eabi/7.3.1/../../../../arm-none-eabi/lib/thumb/v7e-m/fpv4-sp/hard\libc.a(lib_a-memset.o)
                              d:/stm32_workbench/plugins/fr.ac6.mcu.externaltools.arm-none.win32_1.17.0.201812190825/tools/compiler/bin/../lib/gcc/arm-none-eabi/7.3.1/../../../../arm-none-eabi/lib/thumb/v7e-m/fpv4-sp/hard/crt0.o (memset)
d:/stm32_workbench/plugins/fr.ac6.mcu.externaltools.arm-none.win32_1.17.0.201812190825/tools/compiler/bin/../lib/gcc/arm-none-eabi/7.3.1/../../../../arm-none-eabi/lib/thumb/v7e-m/fpv4-sp/hard\libc.a(lib_a-__call_atexit.o)
                              d:/stm32_workbench/plugins/fr.ac6.mcu.externaltools.arm-none.win32_1.17.0.201812190825/tools/compiler/bin/../lib/gcc/arm-none-eabi/7.3.1/../../../../arm-none-eabi/lib/thumb/v7e-m/fpv4-sp/hard\libc.a(lib_a-exit.o) (__call_exitprocs)
d:/stm32_workbench/plugins/fr.ac6.mcu.externaltools.arm-none.win32_1.17.0.201812190825/tools/compiler/bin/../lib/gcc/arm-none-eabi/7.3.1/../../../../arm-none-eabi/lib/thumb/v7e-m/fpv4-sp/hard\libc.a(lib_a-atexit.o)
                              d:/stm32_workbench/plugins/fr.ac6.mcu.externaltools.arm-none.win32_1.17.0.201812190825/tools/compiler/bin/../lib/gcc/arm-none-eabi/7.3.1/../../../../arm-none-eabi/lib/thumb/v7e-m/fpv4-sp/hard\libc.a(lib_a-__call_atexit.o) (atexit)
d:/stm32_workbench/plugins/fr.ac6.mcu.externaltools.arm-none.win32_1.17.0.201812190825/tools/compiler/bin/../lib/gcc/arm-none-eabi/7.3.1/../../../../arm-none-eabi/lib/thumb/v7e-m/fpv4-sp/hard\libc.a(lib_a-fini.o)
                              d:/stm32_workbench/plugins/fr.ac6.mcu.externaltools.arm-none.win32_1.17.0.201812190825/tools/compiler/bin/../lib/gcc/arm-none-eabi/7.3.1/../../../../arm-none-eabi/lib/thumb/v7e-m/fpv4-sp/hard\libc.a(lib_a-__call_atexit.o) (__libc_fini_array)
d:/stm32_workbench/plugins/fr.ac6.mcu.externaltools.arm-none.win32_1.17.0.201812190825/tools/compiler/bin/../lib/gcc/arm-none-eabi/7.3.1/../../../../arm-none-eabi/lib/thumb/v7e-m/fpv4-sp/hard\libc.a(lib_a-lock.o)
                              d:/stm32_workbench/plugins/fr.ac6.mcu.externaltools.arm-none.win32_1.17.0.201812190825/tools/compiler/bin/../lib/gcc/arm-none-eabi/7.3.1/../../../../arm-none-eabi/lib/thumb/v7e-m/fpv4-sp/hard\libc.a(lib_a-__call_atexit.o) (__retarget_lock_acquire_recursive)
d:/stm32_workbench/plugins/fr.ac6.mcu.externaltools.arm-none.win32_1.17.0.201812190825/tools/compiler/bin/../lib/gcc/arm-none-eabi/7.3.1/../../../../arm-none-eabi/lib/thumb/v7e-m/fpv4-sp/hard\libc.a(lib_a-__atexit.o)
                              d:/stm32_workbench/plugins/fr.ac6.mcu.externaltools.arm-none.win32_1.17.0.201812190825/tools/compiler/bin/../lib/gcc/arm-none-eabi/7.3.1/../../../../arm-none-eabi/lib/thumb/v7e-m/fpv4-sp/hard\libc.a(lib_a-atexit.o) (__register_exitproc)

Allocating common symbols
Common symbol       size              file

[...]
Memory Configuration

Name             Origin             Length             Attributes
RAM              0x20000000         0x00020000         xrw
ROM              0x08000000         0x00100000         xr
*default*        0x00000000         0xffffffff

Linker script and memory map

LOAD d:/stm32_workbench/plugins/fr.ac6.mcu.externaltools.arm-none.win32_1.17.0.201812190825/tools/compiler/bin/../lib/gcc/arm-none-eabi/7.3.1/thumb/v7e-m/fpv4-sp/hard/crti.o
LOAD d:/stm32_workbench/plugins/fr.ac6.mcu.externaltools.arm-none.win32_1.17.0.201812190825/tools/compiler/bin/../lib/gcc/arm-none-eabi/7.3.1/thumb/v7e-m/fpv4-sp/hard/crtbegin.o
LOAD d:/stm32_workbench/plugins/fr.ac6.mcu.externaltools.arm-none.win32_1.17.0.201812190825/tools/compiler/bin/../lib/gcc/arm-none-eabi/7.3.1/../../../../arm-none-eabi/lib/thumb/v7e-m/fpv4-sp/hard/crt0.o
LOAD StdPeriph_Driver/src/misc.o
LOAD StdPeriph_Driver/src/stm32f4xx_adc.o
LOAD StdPeriph_Driver/src/stm32f4xx_can.o
LOAD StdPeriph_Driver/src/stm32f4xx_cec.o
LOAD StdPeriph_Driver/src/stm32f4xx_crc.o
LOAD StdPeriph_Driver/src/stm32f4xx_cryp.o
LOAD StdPeriph_Driver/src/stm32f4xx_cryp_aes.o
LOAD StdPeriph_Driver/src/stm32f4xx_cryp_des.o
LOAD StdPeriph_Driver/src/stm32f4xx_cryp_tdes.o
LOAD StdPeriph_Driver/src/stm32f4xx_dac.o
LOAD StdPeriph_Driver/src/stm32f4xx_dbgmcu.o
LOAD StdPeriph_Driver/src/stm32f4xx_dcmi.o
LOAD StdPeriph_Driver/src/stm32f4xx_dfsdm.o
LOAD StdPeriph_Driver/src/stm32f4xx_dma.o
LOAD StdPeriph_Driver/src/stm32f4xx_dma2d.o
LOAD StdPeriph_Driver/src/stm32f4xx_dsi.o
LOAD StdPeriph_Driver/src/stm32f4xx_exti.o
LOAD StdPeriph_Driver/src/stm32f4xx_flash.o
LOAD StdPeriph_Driver/src/stm32f4xx_flash_ramfunc.o
LOAD StdPeriph_Driver/src/stm32f4xx_fmc.o
LOAD StdPeriph_Driver/src/stm32f4xx_fmip2c.o
LOAD StdPeriph_Driver/src/stm32f4xx_fsmc.o
LOAD StdPeriph_Driver/src/stm32f4xx_gpio.o
LOAD StdPeriph_Driver/src/stm32f4xx_hash.o
LOAD StdPeriph_Driver/src/stm32f4xx_hash_md5.o
LOAD StdPeriph_Driver/src/stm32f4xx_hash_sha1.o
LOAD StdPeriph_Driver/src/stm32f4xx_i2c.o
LOAD StdPeriph_Driver/src/stm32f4xx_iwdg.o
LOAD StdPeriph_Driver/src/stm32f4xx_lptim.o
LOAD StdPeriph_Driver/src/stm32f4xx_ltdc.o
LOAD StdPeriph_Driver/src/stm32f4xx_pwr.o
LOAD StdPeriph_Driver/src/stm32f4xx_qspi.o
LOAD StdPeriph_Driver/src/stm32f4xx_rcc.o
LOAD StdPeriph_Driver/src/stm32f4xx_rng.o
LOAD StdPeriph_Driver/src/stm32f4xx_rtc.o
LOAD StdPeriph_Driver/src/stm32f4xx_sai.o
LOAD StdPeriph_Driver/src/stm32f4xx_sdio.o
LOAD StdPeriph_Driver/src/stm32f4xx_spdifrx.o
LOAD StdPeriph_Driver/src/stm32f4xx_spi.o
LOAD StdPeriph_Driver/src/stm32f4xx_syscfg.o
LOAD StdPeriph_Driver/src/stm32f4xx_tim.o
LOAD StdPeriph_Driver/src/stm32f4xx_usart.o
LOAD StdPeriph_Driver/src/stm32f4xx_wwdg.o
LOAD Third-Party/FreeRTOS/org/Source/croutine.o
LOAD Third-Party/FreeRTOS/org/Source/event_groups.o
LOAD Third-Party/FreeRTOS/org/Source/list.o
LOAD Third-Party/FreeRTOS/org/Source/queue.o
LOAD Third-Party/FreeRTOS/org/Source/stream_buffer.o
LOAD Third-Party/FreeRTOS/org/Source/tasks.o
LOAD Third-Party/FreeRTOS/org/Source/timers.o
LOAD Third-Party/FreeRTOS/org/Source/portable/GCC/ARM_CM4F/port.o
LOAD Third-Party/FreeRTOS/org/Source/portable/MemMang/heap_4.o
LOAD src/main.o
LOAD src/syscalls.o
LOAD src/system_stm32f4xx.o
LOAD startup/startup_stm32.o
LOAD d:/stm32_workbench/plugins/fr.ac6.mcu.externaltools.arm-none.win32_1.17.0.201812190825/tools/compiler/bin/../lib/gcc/arm-none-eabi/7.3.1/../../../../arm-none-eabi/lib/thumb/v7e-m/fpv4-sp/hard\libm.a
START GROUP
LOAD d:/stm32_workbench/plugins/fr.ac6.mcu.externaltools.arm-none.win32_1.17.0.201812190825/tools/compiler/bin/../lib/gcc/arm-none-eabi/7.3.1/thumb/v7e-m/fpv4-sp/hard\libgcc.a
LOAD d:/stm32_workbench/plugins/fr.ac6.mcu.externaltools.arm-none.win32_1.17.0.201812190825/tools/compiler/bin/../lib/gcc/arm-none-eabi/7.3.1/../../../../arm-none-eabi/lib/thumb/v7e-m/fpv4-sp/hard\libc.a
END GROUP
LOAD d:/stm32_workbench/plugins/fr.ac6.mcu.externaltools.arm-none.win32_1.17.0.201812190825/tools/compiler/bin/../lib/gcc/arm-none-eabi/7.3.1/thumb/v7e-m/fpv4-sp/hard/crtend.o
LOAD d:/stm32_workbench/plugins/fr.ac6.mcu.externaltools.arm-none.win32_1.17.0.201812190825/tools/compiler/bin/../lib/gcc/arm-none-eabi/7.3.1/thumb/v7e-m/fpv4-sp/hard/crtn.o
                0x20020000                _estack = 0x20020000
                0x00000000                _Min_Heap_Size = 0x0
                0x00000400                _Min_Stack_Size = 0x400

.isr_vector     0x08000000      0x1a8
                0x08000000                . = ALIGN (0x4)
 *(.isr_vector)
 .isr_vector    0x08000000      0x1a8 startup/startup_stm32.o
                0x08000000                g_pfnVectors
                0x080001a8                . = ALIGN (0x4)

.text           0x080001b0     0x1b6c
                0x080001b0                . = ALIGN (0x4)
 *(.text)
 .text          0x080001b0       0x40 d:/stm32_workbench/plugins/fr.ac6.mcu.externaltools.arm-none.win32_1.17.0.201812190825/tools/compiler/bin/../lib/gcc/arm-none-eabi/7.3.1/thumb/v7e-m/fpv4-sp/hard/crtbegin.o
 *(.text*)
 .text.EXTI_Init
                0x080001f0       0xe4 StdPeriph_Driver/src/stm32f4xx_exti.o
                0x080001f0                EXTI_Init
 .text.EXTI_ClearITPendingBit
                0x080002d4       0x20 StdPeriph_Driver/src/stm32f4xx_exti.o
                0x080002d4                EXTI_ClearITPendingBit
 .text.GPIO_Init
                0x080002f4      0x11c StdPeriph_Driver/src/stm32f4xx_gpio.o
                0x080002f4                GPIO_Init
 .text.GPIO_WriteBit
                0x08000410       0x30 StdPeriph_Driver/src/stm32f4xx_gpio.o
                0x08000410                GPIO_WriteBit
 .text.RCC_DeInit
                0x08000440       0x70 StdPeriph_Driver/src/stm32f4xx_rcc.o
                0x08000440                RCC_DeInit
 .text.RCC_AHB1PeriphClockCmd
                0x080004b0       0x40 StdPeriph_Driver/src/stm32f4xx_rcc.o
                0x080004b0                RCC_AHB1PeriphClockCmd
 .text.RCC_APB2PeriphClockCmd
                0x080004f0       0x40 StdPeriph_Driver/src/stm32f4xx_rcc.o
                0x080004f0                RCC_APB2PeriphClockCmd
 .text.SYSCFG_EXTILineConfig
                0x08000530       0x84 StdPeriph_Driver/src/stm32f4xx_syscfg.o
                0x08000530                SYSCFG_EXTILineConfig
 .text.vListInitialise
                0x080005b4       0x40 Third-Party/FreeRTOS/org/Source/list.o
                0x080005b4                vListInitialise
 .text.vListInitialiseItem
                0x080005f4       0x1a Third-Party/FreeRTOS/org/Source/list.o
                0x080005f4                vListInitialiseItem
 .text.vListInsertEnd
                0x0800060e       0x48 Third-Party/FreeRTOS/org/Source/list.o
                0x0800060e                vListInsertEnd
 .text.uxListRemove
                0x08000656       0x54 Third-Party/FreeRTOS/org/Source/list.o
                0x08000656                uxListRemove
 .text.xTaskCreate
                0x080006aa       0x82 Third-Party/FreeRTOS/org/Source/tasks.o
                0x080006aa                xTaskCreate
 .text.prvInitialiseNewTask
                0x0800072c      0x126 Third-Party/FreeRTOS/org/Source/tasks.o
 *fill*         0x08000852        0x2 
 .text.prvAddNewTaskToReadyList
                0x08000854       0xdc Third-Party/FreeRTOS/org/Source/tasks.o
 .text.vTaskStartScheduler
                0x08000930       0x8c Third-Party/FreeRTOS/org/Source/tasks.o
                0x08000930                vTaskStartScheduler
 .text.vTaskSuspendAll
                0x080009bc       0x1c Third-Party/FreeRTOS/org/Source/tasks.o
                0x080009bc                vTaskSuspendAll
 .text.xTaskResumeAll
                0x080009d8      0x138 Third-Party/FreeRTOS/org/Source/tasks.o
                0x080009d8                xTaskResumeAll
 .text.xTaskIncrementTick
                0x08000b10      0x170 Third-Party/FreeRTOS/org/Source/tasks.o
                0x08000b10                xTaskIncrementTick
 .text.vTaskSwitchContext
                0x08000c80       0xb4 Third-Party/FreeRTOS/org/Source/tasks.o
                0x08000c80                vTaskSwitchContext
 .text.prvIdleTask
                0x08000d34       0x30 Third-Party/FreeRTOS/org/Source/tasks.o
 .text.prvInitialiseTaskLists
                0x08000d64       0x80 Third-Party/FreeRTOS/org/Source/tasks.o
 .text.prvCheckTasksWaitingTermination
                0x08000de4       0x58 Third-Party/FreeRTOS/org/Source/tasks.o
 .text.prvDeleteTCB
                0x08000e3c       0x20 Third-Party/FreeRTOS/org/Source/tasks.o
 .text.prvResetNextTaskUnblockTime
                0x08000e5c       0x40 Third-Party/FreeRTOS/org/Source/tasks.o
 .text.pxPortInitialiseStack
                0x08000e9c       0x68 Third-Party/FreeRTOS/org/Source/portable/GCC/ARM_CM4F/port.o
                0x08000e9c                pxPortInitialiseStack
 .text.prvTaskExitError
                0x08000f04       0x54 Third-Party/FreeRTOS/org/Source/portable/GCC/ARM_CM4F/port.o
 *fill*         0x08000f58        0x8 
 .text.SVC_Handler
                0x08000f60       0x28 Third-Party/FreeRTOS/org/Source/portable/GCC/ARM_CM4F/port.o
                0x08000f60                SVC_Handler
 .text.prvPortStartFirstTask
                0x08000f88       0x28 Third-Party/FreeRTOS/org/Source/portable/GCC/ARM_CM4F/port.o
 .text.xPortStartScheduler
                0x08000fb0      0x13c Third-Party/FreeRTOS/org/Source/portable/GCC/ARM_CM4F/port.o
                0x08000fb0                xPortStartScheduler
 .text.vPortEnterCritical
                0x080010ec       0x5c Third-Party/FreeRTOS/org/Source/portable/GCC/ARM_CM4F/port.o
                0x080010ec                vPortEnterCritical
 .text.vPortExitCritical
                0x08001148       0x50 Third-Party/FreeRTOS/org/Source/portable/GCC/ARM_CM4F/port.o
                0x08001148                vPortExitCritical
 *fill*         0x08001198        0x8 
 .text.PendSV_Handler
                0x080011a0       0x68 Third-Party/FreeRTOS/org/Source/portable/GCC/ARM_CM4F/port.o
                0x080011a0                PendSV_Handler
 .text.SysTick_Handler
                0x08001208       0x40 Third-Party/FreeRTOS/org/Source/portable/GCC/ARM_CM4F/port.o
                0x08001208                SysTick_Handler
 .text.vPortSetupTimerInterrupt
                0x08001248       0x48 Third-Party/FreeRTOS/org/Source/portable/GCC/ARM_CM4F/port.o
                0x08001248                vPortSetupTimerInterrupt
 .text.vPortEnableVFP
                0x08001290       0x14 Third-Party/FreeRTOS/org/Source/portable/GCC/ARM_CM4F/port.o
 .text.pvPortMalloc
                0x080012a4      0x184 Third-Party/FreeRTOS/org/Source/portable/MemMang/heap_4.o
                0x080012a4                pvPortMalloc
 .text.vPortFree
                0x08001428       0xb0 Third-Party/FreeRTOS/org/Source/portable/MemMang/heap_4.o
                0x08001428                vPortFree
 .text.prvHeapInit
                0x080014d8       0xc4 Third-Party/FreeRTOS/org/Source/portable/MemMang/heap_4.o
 .text.prvInsertBlockIntoFreeList
                0x0800159c       0xb4 Third-Party/FreeRTOS/org/Source/portable/MemMang/heap_4.o
 .text.NVIC_EnableIRQ
                0x08001650       0x34 src/main.o
 .text.NVIC_SetPriority
                0x08001684       0x54 src/main.o
 .text.main     0x080016d8       0x38 src/main.o
                0x080016d8                main
 .text.vLED_Task_handler
                0x08001710       0x34 src/main.o
                0x08001710                vLED_Task_handler
 .text.Button_Flag
                0x08001744       0x28 src/main.o
                0x08001744                Button_Flag
 .text.prvSetupHardware
                0x0800176c       0x2a src/main.o
 *fill*         0x08001796        0x2 
 .text.LedSetup
                0x08001798       0x40 src/main.o
 .text.ButtonHandler
                0x080017d8       0x70 src/main.o
 .text.EXTI0_IRQHandler
                0x08001848       0x14 src/main.o
                0x08001848                EXTI0_IRQHandler
 .text.SystemInit
                0x0800185c       0x6c src/system_stm32f4xx.o
                0x0800185c                SystemInit
 .text.SystemCoreClockUpdate
                0x080018c8       0xf8 src/system_stm32f4xx.o
                0x080018c8                SystemCoreClockUpdate
 .text.SetSysClock
                0x080019c0       0xf8 src/system_stm32f4xx.o
 .text.Reset_Handler
                0x08001ab8       0x50 startup/startup_stm32.o
                0x08001ab8                Reset_Handler
 .text.Default_Handler
                0x08001b08        0x2 startup/startup_stm32.o
                0x08001b08                RTC_Alarm_IRQHandler
                0x08001b08                HASH_RNG_IRQHandler
                0x08001b08                EXTI2_IRQHandler
                0x08001b08                TIM8_CC_IRQHandler
                0x08001b08                DebugMon_Handler
                0x08001b08                TIM1_CC_IRQHandler
                0x08001b08                DMA2_Stream5_IRQHandler
                0x08001b08                HardFault_Handler
                0x08001b08                DMA1_Stream5_IRQHandler
                0x08001b08                PVD_IRQHandler
                0x08001b08                SDIO_IRQHandler
                0x08001b08                TAMP_STAMP_IRQHandler
                0x08001b08                NMI_Handler
                0x08001b08                CAN2_RX1_IRQHandler
                0x08001b08                EXTI3_IRQHandler
                0x08001b08                TIM8_TRG_COM_TIM14_IRQHandler
                0x08001b08                TIM1_UP_TIM10_IRQHandler
                0x08001b08                TIM8_UP_TIM13_IRQHandler
                0x08001b08                I2C3_ER_IRQHandler
                0x08001b08                LCD_TFT_IRQHandler
                0x08001b08                I2C2_EV_IRQHandler
                0x08001b08                DMA1_Stream2_IRQHandler
                0x08001b08                CAN1_RX0_IRQHandler
                0x08001b08                FPU_IRQHandler
                0x08001b08                OTG_HS_WKUP_IRQHandler
                0x08001b08                UsageFault_Handler
                0x08001b08                CAN2_SCE_IRQHandler
                0x08001b08                DMA2_Stream2_IRQHandler
                0x08001b08                SPI1_IRQHandler
                0x08001b08                TIM6_DAC_IRQHandler
                0x08001b08                TIM1_BRK_TIM9_IRQHandler
                0x08001b08                DCMI_IRQHandler
                0x08001b08                CAN2_RX0_IRQHandler
                0x08001b08                DMA2_Stream3_IRQHandler
                0x08001b08                USART6_IRQHandler
                0x08001b08                USART3_IRQHandler
                0x08001b08                CRYP_IRQHandler
                0x08001b08                CAN1_RX1_IRQHandler
                0x08001b08                UART5_IRQHandler
                0x08001b08                DMA2_Stream0_IRQHandler
                0x08001b08                TIM4_IRQHandler
                0x08001b08                I2C1_EV_IRQHandler
                0x08001b08                DMA1_Stream6_IRQHandler
                0x08001b08                DMA1_Stream1_IRQHandler
                0x08001b08                UART4_IRQHandler
                0x08001b08                LCD_TFT_1_IRQHandler
                0x08001b08                TIM3_IRQHandler
                0x08001b08                RCC_IRQHandler
                0x08001b08                TIM8_BRK_TIM12_IRQHandler
                0x08001b08                Default_Handler
                0x08001b08                EXTI15_10_IRQHandler
                0x08001b08                ADC_IRQHandler
                0x08001b08                DMA1_Stream7_IRQHandler
                0x08001b08                TIM7_IRQHandler
                0x08001b08                CAN2_TX_IRQHandler
                0x08001b08                TIM5_IRQHandler
                0x08001b08                DMA2_Stream7_IRQHandler
                0x08001b08                I2C3_EV_IRQHandler
                0x08001b08                EXTI9_5_IRQHandler
                0x08001b08                RTC_WKUP_IRQHandler
                0x08001b08                ETH_WKUP_IRQHandler
                0x08001b08                SPI2_IRQHandler
                0x08001b08                OTG_HS_EP1_IN_IRQHandler
                0x08001b08                MemManage_Handler
                0x08001b08                DMA1_Stream0_IRQHandler
                0x08001b08                CAN1_TX_IRQHandler
                0x08001b08                EXTI4_IRQHandler
                0x08001b08                FSMC_IRQHandler
                0x08001b08                ETH_IRQHandler
                0x08001b08                OTG_HS_EP1_OUT_IRQHandler
                0x08001b08                WWDG_IRQHandler
                0x08001b08                TIM2_IRQHandler
                0x08001b08                OTG_FS_WKUP_IRQHandler
                0x08001b08                TIM1_TRG_COM_TIM11_IRQHandler
                0x08001b08                OTG_HS_IRQHandler
                0x08001b08                EXTI1_IRQHandler
                0x08001b08                USART2_IRQHandler
                0x08001b08                I2C2_ER_IRQHandler
                0x08001b08                DMA2_Stream1_IRQHandler
                0x08001b08                CAN1_SCE_IRQHandler
                0x08001b08                DMA2_Stream4_IRQHandler
                0x08001b08                BusFault_Handler
                0x08001b08                USART1_IRQHandler
                0x08001b08                OTG_FS_IRQHandler
                0x08001b08                SPI3_IRQHandler
                0x08001b08                DMA1_Stream4_IRQHandler
                0x08001b08                I2C1_ER_IRQHandler
                0x08001b08                DMA2_Stream6_IRQHandler
                0x08001b08                DMA1_Stream3_IRQHandler
 *fill*         0x08001b0a        0x2 
 .text.__libc_init_array
                0x08001b0c       0x48 d:/stm32_workbench/plugins/fr.ac6.mcu.externaltools.arm-none.win32_1.17.0.201812190825/tools/compiler/bin/../lib/gcc/arm-none-eabi/7.3.1/../../../../arm-none-eabi/lib/thumb/v7e-m/fpv4-sp/hard\libc.a(lib_a-init.o)
                0x08001b0c                __libc_init_array
 .text.memset   0x08001b54       0x94 d:/stm32_workbench/plugins/fr.ac6.mcu.externaltools.arm-none.win32_1.17.0.201812190825/tools/compiler/bin/../lib/gcc/arm-none-eabi/7.3.1/../../../../arm-none-eabi/lib/thumb/v7e-m/fpv4-sp/hard\libc.a(lib_a-memset.o)
                0x08001b54                memset
 .text.startup.register_fini
                0x08001be8       0x14 d:/stm32_workbench/plugins/fr.ac6.mcu.externaltools.arm-none.win32_1.17.0.201812190825/tools/compiler/bin/../lib/gcc/arm-none-eabi/7.3.1/../../../../arm-none-eabi/lib/thumb/v7e-m/fpv4-sp/hard\libc.a(lib_a-__call_atexit.o)
 .text.atexit   0x08001bfc        0xc d:/stm32_workbench/plugins/fr.ac6.mcu.externaltools.arm-none.win32_1.17.0.201812190825/tools/compiler/bin/../lib/gcc/arm-none-eabi/7.3.1/../../../../arm-none-eabi/lib/thumb/v7e-m/fpv4-sp/hard\libc.a(lib_a-atexit.o)
                0x08001bfc                atexit
 .text.__libc_fini_array
                0x08001c08       0x34 d:/stm32_workbench/plugins/fr.ac6.mcu.externaltools.arm-none.win32_1.17.0.201812190825/tools/compiler/bin/../lib/gcc/arm-none-eabi/7.3.1/../../../../arm-none-eabi/lib/thumb/v7e-m/fpv4-sp/hard\libc.a(lib_a-fini.o)
                0x08001c08                __libc_fini_array
 .text.__retarget_lock_acquire_recursive
                0x08001c3c        0x4 d:/stm32_workbench/plugins/fr.ac6.mcu.externaltools.arm-none.win32_1.17.0.201812190825/tools/compiler/bin/../lib/gcc/arm-none-eabi/7.3.1/../../../../arm-none-eabi/lib/thumb/v7e-m/fpv4-sp/hard\libc.a(lib_a-lock.o)
                0x08001c3c                __retarget_lock_acquire_recursive
 .text.__retarget_lock_release_recursive
                0x08001c40        0x4 d:/stm32_workbench/plugins/fr.ac6.mcu.externaltools.arm-none.win32_1.17.0.201812190825/tools/compiler/bin/../lib/gcc/arm-none-eabi/7.3.1/../../../../arm-none-eabi/lib/thumb/v7e-m/fpv4-sp/hard\libc.a(lib_a-lock.o)
                0x08001c40                __retarget_lock_release_recursive
 .text.__register_exitproc
                0x08001c44       0xc0 d:/stm32_workbench/plugins/fr.ac6.mcu.externaltools.arm-none.win32_1.17.0.201812190825/tools/compiler/bin/../lib/gcc/arm-none-eabi/7.3.1/../../../../arm-none-eabi/lib/thumb/v7e-m/fpv4-sp/hard\libc.a(lib_a-__atexit.o)
                0x08001c44                __register_exitproc
 *(.glue_7)
 .glue_7        0x08001d04        0x0 linker stubs
 *(.glue_7t)
 .glue_7t       0x08001d04        0x0 linker stubs
 *(.eh_frame)
 .eh_frame      0x08001d04        0x0 d:/stm32_workbench/plugins/fr.ac6.mcu.externaltools.arm-none.win32_1.17.0.201812190825/tools/compiler/bin/../lib/gcc/arm-none-eabi/7.3.1/thumb/v7e-m/fpv4-sp/hard/crtbegin.o
 *(.init)
 .init          0x08001d04        0x4 d:/stm32_workbench/plugins/fr.ac6.mcu.externaltools.arm-none.win32_1.17.0.201812190825/tools/compiler/bin/../lib/gcc/arm-none-eabi/7.3.1/thumb/v7e-m/fpv4-sp/hard/crti.o
                0x08001d04                _init
 .init          0x08001d08        0x8 d:/stm32_workbench/plugins/fr.ac6.mcu.externaltools.arm-none.win32_1.17.0.201812190825/tools/compiler/bin/../lib/gcc/arm-none-eabi/7.3.1/thumb/v7e-m/fpv4-sp/hard/crtn.o
 *(.fini)
 .fini          0x08001d10        0x4 d:/stm32_workbench/plugins/fr.ac6.mcu.externaltools.arm-none.win32_1.17.0.201812190825/tools/compiler/bin/../lib/gcc/arm-none-eabi/7.3.1/thumb/v7e-m/fpv4-sp/hard/crti.o
                0x08001d10                _fini
 .fini          0x08001d14        0x8 d:/stm32_workbench/plugins/fr.ac6.mcu.externaltools.arm-none.win32_1.17.0.201812190825/tools/compiler/bin/../lib/gcc/arm-none-eabi/7.3.1/thumb/v7e-m/fpv4-sp/hard/crtn.o
                0x08001d1c                . = ALIGN (0x4)
                0x08001d1c                _etext = .

.vfp11_veneer   0x08001d1c        0x0
 .vfp11_veneer  0x08001d1c        0x0 linker stubs

.v4_bx          0x08001d1c        0x0
 .v4_bx         0x08001d1c        0x0 linker stubs

.iplt           0x08001d1c        0x0
 .iplt          0x08001d1c        0x0 d:/stm32_workbench/plugins/fr.ac6.mcu.externaltools.arm-none.win32_1.17.0.201812190825/tools/compiler/bin/../lib/gcc/arm-none-eabi/7.3.1/thumb/v7e-m/fpv4-sp/hard/crtbegin.o

.rodata         0x08001d1c       0x18
                0x08001d1c                . = ALIGN (0x4)
 *(.rodata)
 .rodata        0x08001d1c        0x5 Third-Party/FreeRTOS/org/Source/tasks.o
 *fill*         0x08001d21        0x3 
 .rodata        0x08001d24        0xc src/main.o
 *(.rodata*)
 .rodata._global_impure_ptr
                0x08001d30        0x4 d:/stm32_workbench/plugins/fr.ac6.mcu.externaltools.arm-none.win32_1.17.0.201812190825/tools/compiler/bin/../lib/gcc/arm-none-eabi/7.3.1/../../../../arm-none-eabi/lib/thumb/v7e-m/fpv4-sp/hard\libc.a(lib_a-impure.o)
                0x08001d30                _global_impure_ptr
                0x08001d34                . = ALIGN (0x4)

.rel.dyn        0x08001d34        0x0
 .rel.iplt      0x08001d34        0x0 d:/stm32_workbench/plugins/fr.ac6.mcu.externaltools.arm-none.win32_1.17.0.201812190825/tools/compiler/bin/../lib/gcc/arm-none-eabi/7.3.1/thumb/v7e-m/fpv4-sp/hard/crtbegin.o

.ARM.extab      0x08001d34        0x0
                0x08001d34                . = ALIGN (0x4)
 *(.ARM.extab* .gnu.linkonce.armextab.*)
                0x08001d34                . = ALIGN (0x4)

.ARM            0x08001d34        0x0
                0x08001d34                . = ALIGN (0x4)
                0x08001d34                __exidx_start = .
 *(.ARM.exidx*)
                0x08001d34                __exidx_end = .
                0x08001d34                . = ALIGN (0x4)

.preinit_array  0x08001d34        0x0
                0x08001d34                . = ALIGN (0x4)
                0x08001d34                PROVIDE (__preinit_array_start = .)
 *(.preinit_array*)
                0x08001d34                PROVIDE (__preinit_array_end = .)
                0x08001d34                . = ALIGN (0x4)

.init_array     0x08001d34        0x8
                0x08001d34                . = ALIGN (0x4)
                0x08001d34                PROVIDE (__init_array_start = .)
 *(SORT_BY_NAME(.init_array.*))
 .init_array.00000
                0x08001d34        0x4 d:/stm32_workbench/plugins/fr.ac6.mcu.externaltools.arm-none.win32_1.17.0.201812190825/tools/compiler/bin/../lib/gcc/arm-none-eabi/7.3.1/../../../../arm-none-eabi/lib/thumb/v7e-m/fpv4-sp/hard\libc.a(lib_a-__call_atexit.o)
 *(.init_array*)
 .init_array    0x08001d38        0x4 d:/stm32_workbench/plugins/fr.ac6.mcu.externaltools.arm-none.win32_1.17.0.201812190825/tools/compiler/bin/../lib/gcc/arm-none-eabi/7.3.1/thumb/v7e-m/fpv4-sp/hard/crtbegin.o
                0x08001d3c                PROVIDE (__init_array_end = .)
                0x08001d3c                . = ALIGN (0x4)

.fini_array     0x08001d3c        0x4
                0x08001d3c                . = ALIGN (0x4)
                0x08001d3c                PROVIDE (__fini_array_start = .)
 *(SORT_BY_NAME(.fini_array.*))
 *(.fini_array*)
 .fini_array    0x08001d3c        0x4 d:/stm32_workbench/plugins/fr.ac6.mcu.externaltools.arm-none.win32_1.17.0.201812190825/tools/compiler/bin/../lib/gcc/arm-none-eabi/7.3.1/thumb/v7e-m/fpv4-sp/hard/crtbegin.o
                0x08001d40                PROVIDE (__fini_array_end = .)
                0x08001d40                . = ALIGN (0x4)
                0x08001d40                _sidata = LOADADDR (.data)

.data           0x20000000      0x444 load address 0x08001d40
                0x20000000                . = ALIGN (0x4)
                0x20000000                _sdata = .
 *(.data)
 .data          0x20000000        0x4 Third-Party/FreeRTOS/org/Source/portable/GCC/ARM_CM4F/port.o
 .data          0x20000004       0x14 src/system_stm32f4xx.o
                0x20000004                SystemCoreClock
                0x20000008                AHBPrescTable
 *(.data*)
 .data.impure_data
                0x20000018      0x428 d:/stm32_workbench/plugins/fr.ac6.mcu.externaltools.arm-none.win32_1.17.0.201812190825/tools/compiler/bin/../lib/gcc/arm-none-eabi/7.3.1/../../../../arm-none-eabi/lib/thumb/v7e-m/fpv4-sp/hard\libc.a(lib_a-impure.o)
 .data.__atexit_recursive_mutex
                0x20000440        0x4 d:/stm32_workbench/plugins/fr.ac6.mcu.externaltools.arm-none.win32_1.17.0.201812190825/tools/compiler/bin/../lib/gcc/arm-none-eabi/7.3.1/../../../../arm-none-eabi/lib/thumb/v7e-m/fpv4-sp/hard\libc.a(lib_a-__call_atexit.o)
                0x20000440                __atexit_recursive_mutex
                0x20000444                . = ALIGN (0x4)
                0x20000444                _edata = .

.igot.plt       0x20000444        0x0 load address 0x08002184
 .igot.plt      0x20000444        0x0 d:/stm32_workbench/plugins/fr.ac6.mcu.externaltools.arm-none.win32_1.17.0.201812190825/tools/compiler/bin/../lib/gcc/arm-none-eabi/7.3.1/thumb/v7e-m/fpv4-sp/hard/crtbegin.o
                0x20000444                . = ALIGN (0x4)

.bss            0x20000444    0x12d6c load address 0x08002184
                0x20000444                _sbss = .
                0x20000444                __bss_start__ = _sbss
 *(.bss)
 .bss           0x20000444       0x1c d:/stm32_workbench/plugins/fr.ac6.mcu.externaltools.arm-none.win32_1.17.0.201812190825/tools/compiler/bin/../lib/gcc/arm-none-eabi/7.3.1/thumb/v7e-m/fpv4-sp/hard/crtbegin.o
 .bss           0x20000460      0x104 Third-Party/FreeRTOS/org/Source/tasks.o
                0x20000460                pxCurrentTCB
 .bss           0x20000564        0x8 Third-Party/FreeRTOS/org/Source/portable/GCC/ARM_CM4F/port.o
 .bss           0x2000056c    0x12c18 Third-Party/FreeRTOS/org/Source/portable/MemMang/heap_4.o
 .bss           0x20013184        0x6 src/main.o
                0x20013184                xTaskHandle1
                0x20013188                button_pressed
                0x20013189                button_status_flag
 *(.bss*)
 *(COMMON)
 *fill*         0x2001318a        0x2 
 COMMON         0x2001318c       0x21 d:/stm32_workbench/plugins/fr.ac6.mcu.externaltools.arm-none.win32_1.17.0.201812190825/tools/compiler/bin/../lib/gcc/arm-none-eabi/7.3.1/../../../../arm-none-eabi/lib/thumb/v7e-m/fpv4-sp/hard\libc.a(lib_a-lock.o)
                0x2001318c                __lock___atexit_recursive_mutex
                0x20013190                __lock___arc4random_mutex
                0x20013194                __lock___env_recursive_mutex
                0x20013198                __lock___sinit_recursive_mutex
                0x2001319c                __lock___malloc_recursive_mutex
                0x200131a0                __lock___at_quick_exit_mutex
                0x200131a4                __lock___dd_hash_mutex
                0x200131a8                __lock___tz_mutex
                0x200131ac                __lock___sfp_recursive_mutex
                0x200131b0                . = ALIGN (0x4)
 *fill*         0x200131ad        0x3 
                0x200131b0                _ebss = .
                0x200131b0                __bss_end__ = _ebss

._user_heap_stack
                0x200131b0      0x400 load address 0x08002184
                0x200131b0                . = ALIGN (0x8)
                0x200131b0                PROVIDE (end = .)
                [!provide]                PROVIDE (_end = .)
                0x200131b0                . = (. + _Min_Heap_Size)
                0x200135b0                . = (. + _Min_Stack_Size)
 *fill*         0x200131b0      0x400 
                0x200135b0                . = ALIGN (0x8)

/DISCARD/
 libc.a(*)
 libm.a(*)
 libgcc.a(*)

.ARM.attributes
                0x00000000       0x30
 *(.ARM.attributes)
 .ARM.attributes
                0x00000000       0x22 d:/stm32_workbench/plugins/fr.ac6.mcu.externaltools.arm-none.win32_1.17.0.201812190825/tools/compiler/bin/../lib/gcc/arm-none-eabi/7.3.1/thumb/v7e-m/fpv4-sp/hard/crti.o
 .ARM.attributes
                0x00000022       0x34 d:/stm32_workbench/plugins/fr.ac6.mcu.externaltools.arm-none.win32_1.17.0.201812190825/tools/compiler/bin/../lib/gcc/arm-none-eabi/7.3.1/thumb/v7e-m/fpv4-sp/hard/crtbegin.o
 .ARM.attributes
                0x00000056       0x39 StdPeriph_Driver/src/stm32f4xx_exti.o
 .ARM.attributes
                0x0000008f       0x39 StdPeriph_Driver/src/stm32f4xx_gpio.o
 .ARM.attributes
                0x000000c8       0x39 StdPeriph_Driver/src/stm32f4xx_rcc.o
 .ARM.attributes
                0x00000101       0x39 StdPeriph_Driver/src/stm32f4xx_syscfg.o
 .ARM.attributes
                0x0000013a       0x39 Third-Party/FreeRTOS/org/Source/list.o
 .ARM.attributes
                0x00000173       0x39 Third-Party/FreeRTOS/org/Source/tasks.o
 .ARM.attributes
                0x000001ac       0x39 Third-Party/FreeRTOS/org/Source/portable/GCC/ARM_CM4F/port.o
 .ARM.attributes
                0x000001e5       0x39 Third-Party/FreeRTOS/org/Source/portable/MemMang/heap_4.o
 .ARM.attributes
                0x0000021e       0x39 src/main.o
 .ARM.attributes
                0x00000257       0x39 src/system_stm32f4xx.o
 .ARM.attributes
                0x00000290       0x21 startup/startup_stm32.o
 .ARM.attributes
                0x000002b1       0x34 d:/stm32_workbench/plugins/fr.ac6.mcu.externaltools.arm-none.win32_1.17.0.201812190825/tools/compiler/bin/../lib/gcc/arm-none-eabi/7.3.1/../../../../arm-none-eabi/lib/thumb/v7e-m/fpv4-sp/hard\libc.a(lib_a-impure.o)
 .ARM.attributes
                0x000002e5       0x34 d:/stm32_workbench/plugins/fr.ac6.mcu.externaltools.arm-none.win32_1.17.0.201812190825/tools/compiler/bin/../lib/gcc/arm-none-eabi/7.3.1/../../../../arm-none-eabi/lib/thumb/v7e-m/fpv4-sp/hard\libc.a(lib_a-init.o)
 .ARM.attributes
                0x00000319       0x34 d:/stm32_workbench/plugins/fr.ac6.mcu.externaltools.arm-none.win32_1.17.0.201812190825/tools/compiler/bin/../lib/gcc/arm-none-eabi/7.3.1/../../../../arm-none-eabi/lib/thumb/v7e-m/fpv4-sp/hard\libc.a(lib_a-memset.o)
 .ARM.attributes
                0x0000034d       0x34 d:/stm32_workbench/plugins/fr.ac6.mcu.externaltools.arm-none.win32_1.17.0.201812190825/tools/compiler/bin/../lib/gcc/arm-none-eabi/7.3.1/../../../../arm-none-eabi/lib/thumb/v7e-m/fpv4-sp/hard\libc.a(lib_a-__call_atexit.o)
 .ARM.attributes
                0x00000381       0x34 d:/stm32_workbench/plugins/fr.ac6.mcu.externaltools.arm-none.win32_1.17.0.201812190825/tools/compiler/bin/../lib/gcc/arm-none-eabi/7.3.1/../../../../arm-none-eabi/lib/thumb/v7e-m/fpv4-sp/hard\libc.a(lib_a-atexit.o)
 .ARM.attributes
                0x000003b5       0x34 d:/stm32_workbench/plugins/fr.ac6.mcu.externaltools.arm-none.win32_1.17.0.201812190825/tools/compiler/bin/../lib/gcc/arm-none-eabi/7.3.1/../../../../arm-none-eabi/lib/thumb/v7e-m/fpv4-sp/hard\libc.a(lib_a-fini.o)
 .ARM.attributes
                0x000003e9       0x34 d:/stm32_workbench/plugins/fr.ac6.mcu.externaltools.arm-none.win32_1.17.0.201812190825/tools/compiler/bin/../lib/gcc/arm-none-eabi/7.3.1/../../../../arm-none-eabi/lib/thumb/v7e-m/fpv4-sp/hard\libc.a(lib_a-lock.o)
 .ARM.attributes
                0x0000041d       0x34 d:/stm32_workbench/plugins/fr.ac6.mcu.externaltools.arm-none.win32_1.17.0.201812190825/tools/compiler/bin/../lib/gcc/arm-none-eabi/7.3.1/../../../../arm-none-eabi/lib/thumb/v7e-m/fpv4-sp/hard\libc.a(lib_a-__atexit.o)
 .ARM.attributes
                0x00000451       0x22 d:/stm32_workbench/plugins/fr.ac6.mcu.externaltools.arm-none.win32_1.17.0.201812190825/tools/compiler/bin/../lib/gcc/arm-none-eabi/7.3.1/thumb/v7e-m/fpv4-sp/hard/crtn.o
OUTPUT(STM32_FreeRTOS_Led_Button_IR.elf elf32-littlearm)

.debug_info     0x00000000     0x75d9
 .debug_info    0x00000000      0x358 StdPeriph_Driver/src/stm32f4xx_exti.o
 .debug_info    0x00000358      0x62b StdPeriph_Driver/src/stm32f4xx_gpio.o
 .debug_info    0x00000983      0xe67 StdPeriph_Driver/src/stm32f4xx_rcc.o
 .debug_info    0x000017ea      0x2a6 StdPeriph_Driver/src/stm32f4xx_syscfg.o
 .debug_info    0x00001a90      0xadb Third-Party/FreeRTOS/org/Source/list.o
 .debug_info    0x0000256b     0x26aa Third-Party/FreeRTOS/org/Source/tasks.o
 .debug_info    0x00004c15      0x533 Third-Party/FreeRTOS/org/Source/portable/GCC/ARM_CM4F/port.o
 .debug_info    0x00005148      0xbfc Third-Party/FreeRTOS/org/Source/portable/MemMang/heap_4.o
 .debug_info    0x00005d44     0x1261 src/main.o
 .debug_info    0x00006fa5      0x612 src/system_stm32f4xx.o
 .debug_info    0x000075b7       0x22 startup/startup_stm32.o

.debug_abbrev   0x00000000     0x1595
 .debug_abbrev  0x00000000      0x1c3 StdPeriph_Driver/src/stm32f4xx_exti.o
 .debug_abbrev  0x000001c3      0x1bf StdPeriph_Driver/src/stm32f4xx_gpio.o
 .debug_abbrev  0x00000382      0x1d4 StdPeriph_Driver/src/stm32f4xx_rcc.o
 .debug_abbrev  0x00000556      0x14b StdPeriph_Driver/src/stm32f4xx_syscfg.o
 .debug_abbrev  0x000006a1      0x205 Third-Party/FreeRTOS/org/Source/list.o
 .debug_abbrev  0x000008a6      0x388 Third-Party/FreeRTOS/org/Source/tasks.o
 .debug_abbrev  0x00000c2e      0x210 Third-Party/FreeRTOS/org/Source/portable/GCC/ARM_CM4F/port.o
 .debug_abbrev  0x00000e3e      0x2d4 Third-Party/FreeRTOS/org/Source/portable/MemMang/heap_4.o
 .debug_abbrev  0x00001112      0x314 src/main.o
 .debug_abbrev  0x00001426      0x15d src/system_stm32f4xx.o
 .debug_abbrev  0x00001583       0x12 startup/startup_stm32.o

.debug_aranges  0x00000000      0x690
 .debug_aranges
                0x00000000       0x58 StdPeriph_Driver/src/stm32f4xx_exti.o
 .debug_aranges
                0x00000058       0x88 StdPeriph_Driver/src/stm32f4xx_gpio.o
 .debug_aranges
                0x000000e0      0x1c0 StdPeriph_Driver/src/stm32f4xx_rcc.o
 .debug_aranges
                0x000002a0       0x50 StdPeriph_Driver/src/stm32f4xx_syscfg.o
 .debug_aranges
                0x000002f0       0x40 Third-Party/FreeRTOS/org/Source/list.o
 .debug_aranges
                0x00000330      0x1d8 Third-Party/FreeRTOS/org/Source/tasks.o
 .debug_aranges
                0x00000508       0x80 Third-Party/FreeRTOS/org/Source/portable/GCC/ARM_CM4F/port.o
 .debug_aranges
                0x00000588       0x50 Third-Party/FreeRTOS/org/Source/portable/MemMang/heap_4.o
 .debug_aranges
                0x000005d8       0x60 src/main.o
 .debug_aranges
                0x00000638       0x30 src/system_stm32f4xx.o
 .debug_aranges
                0x00000668       0x28 startup/startup_stm32.o

.debug_ranges   0x00000000      0x5e8
 .debug_ranges  0x00000000       0x48 StdPeriph_Driver/src/stm32f4xx_exti.o
 .debug_ranges  0x00000048       0x78 StdPeriph_Driver/src/stm32f4xx_gpio.o
 .debug_ranges  0x000000c0      0x1b0 StdPeriph_Driver/src/stm32f4xx_rcc.o
 .debug_ranges  0x00000270       0x40 StdPeriph_Driver/src/stm32f4xx_syscfg.o
 .debug_ranges  0x000002b0       0x30 Third-Party/FreeRTOS/org/Source/list.o
 .debug_ranges  0x000002e0      0x1c8 Third-Party/FreeRTOS/org/Source/tasks.o
 .debug_ranges  0x000004a8       0x70 Third-Party/FreeRTOS/org/Source/portable/GCC/ARM_CM4F/port.o
 .debug_ranges  0x00000518       0x40 Third-Party/FreeRTOS/org/Source/portable/MemMang/heap_4.o
 .debug_ranges  0x00000558       0x50 src/main.o
 .debug_ranges  0x000005a8       0x20 src/system_stm32f4xx.o
 .debug_ranges  0x000005c8       0x20 startup/startup_stm32.o

.debug_macro    0x00000000     0x1eac
 .debug_macro   0x00000000      0x1be StdPeriph_Driver/src/stm32f4xx_exti.o
 .debug_macro   0x000001be       0xaf StdPeriph_Driver/src/stm32f4xx_exti.o
 .debug_macro   0x0000026d      0x1bc StdPeriph_Driver/src/stm32f4xx_gpio.o
 .debug_macro   0x00000429      0x2f5 StdPeriph_Driver/src/stm32f4xx_gpio.o
 .debug_macro   0x0000071e      0x28b StdPeriph_Driver/src/stm32f4xx_rcc.o
 .debug_macro   0x000009a9      0x20a StdPeriph_Driver/src/stm32f4xx_syscfg.o
 .debug_macro   0x00000bb3      0x10e StdPeriph_Driver/src/stm32f4xx_syscfg.o
 .debug_macro   0x00000cc1      0x17a Third-Party/FreeRTOS/org/Source/list.o
 .debug_macro   0x00000e3b      0x275 Third-Party/FreeRTOS/org/Source/tasks.o
 .debug_macro   0x000010b0       0x10 Third-Party/FreeRTOS/org/Source/tasks.o
 .debug_macro   0x000010c0      0x196 Third-Party/FreeRTOS/org/Source/portable/GCC/ARM_CM4F/port.o
 .debug_macro   0x00001256      0x1a1 Third-Party/FreeRTOS/org/Source/portable/MemMang/heap_4.o
 .debug_macro   0x000013f7      0x3ee src/main.o
 .debug_macro   0x000017e5       0x1c src/main.o
 .debug_macro   0x00001801       0x10 src/main.o
 .debug_macro   0x00001811       0x10 src/main.o
 .debug_macro   0x00001821       0x1c src/main.o
 .debug_macro   0x0000183d       0x52 src/main.o
 .debug_macro   0x0000188f       0x40 src/main.o
 .debug_macro   0x000018cf       0x10 src/main.o
 .debug_macro   0x000018df       0x40 src/main.o
 .debug_macro   0x0000191f       0xd7 src/main.o
 .debug_macro   0x000019f6       0x1c src/main.o
 .debug_macro   0x00001a12       0x3d src/main.o
 .debug_macro   0x00001a4f       0x16 src/main.o
 .debug_macro   0x00001a65      0x16f src/main.o
 .debug_macro   0x00001bd4      0x106 src/main.o
 .debug_macro   0x00001cda      0x1d2 src/system_stm32f4xx.o

.debug_line     0x00000000     0x51e2
 .debug_line    0x00000000      0x680 StdPeriph_Driver/src/stm32f4xx_exti.o
 .debug_line    0x00000680      0x758 StdPeriph_Driver/src/stm32f4xx_gpio.o
 .debug_line    0x00000dd8      0xa4c StdPeriph_Driver/src/stm32f4xx_rcc.o
 .debug_line    0x00001824      0x653 StdPeriph_Driver/src/stm32f4xx_syscfg.o
 .debug_line    0x00001e77      0x543 Third-Party/FreeRTOS/org/Source/list.o
 .debug_line    0x000023ba     0x114b Third-Party/FreeRTOS/org/Source/tasks.o
 .debug_line    0x00003505      0x676 Third-Party/FreeRTOS/org/Source/portable/GCC/ARM_CM4F/port.o
 .debug_line    0x00003b7b      0x629 Third-Party/FreeRTOS/org/Source/portable/MemMang/heap_4.o
 .debug_line    0x000041a4      0x975 src/main.o
 .debug_line    0x00004b19      0x64d src/system_stm32f4xx.o
 .debug_line    0x00005166       0x7c startup/startup_stm32.o

.debug_str      0x00000000    0x6acd1
 .debug_str     0x00000000    0x5e9b4 StdPeriph_Driver/src/stm32f4xx_exti.o
                              0x5eb6e (size before relaxing)
 .debug_str     0x0005e9b4      0x2c5 StdPeriph_Driver/src/stm32f4xx_gpio.o
                              0x5eca0 (size before relaxing)
 .debug_str     0x0005ec79      0xda7 StdPeriph_Driver/src/stm32f4xx_rcc.o
                              0x5f7ad (size before relaxing)
 .debug_str     0x0005fa20      0x40c StdPeriph_Driver/src/stm32f4xx_syscfg.o
                              0x5edbe (size before relaxing)
 .debug_str     0x0005fe2c     0x6680 Third-Party/FreeRTOS/org/Source/list.o
                               0xa39c (size before relaxing)
 .debug_str     0x000664ac     0x238b Third-Party/FreeRTOS/org/Source/tasks.o
                               0xc762 (size before relaxing)
 .debug_str     0x00068837      0x7fb Third-Party/FreeRTOS/org/Source/portable/GCC/ARM_CM4F/port.o
                               0x8466 (size before relaxing)
 .debug_str     0x00069032      0x252 Third-Party/FreeRTOS/org/Source/portable/MemMang/heap_4.o
                               0xaabf (size before relaxing)
 .debug_str     0x00069284     0x195d src/main.o
                              0x67186 (size before relaxing)
 .debug_str     0x0006abe1       0xc7 src/system_stm32f4xx.o
                              0x5ebf3 (size before relaxing)
 .debug_str     0x0006aca8       0x29 startup/startup_stm32.o
                                 0x5a (size before relaxing)

.comment        0x00000000       0x7f
 .comment       0x00000000       0x7f StdPeriph_Driver/src/stm32f4xx_exti.o
                                 0x80 (size before relaxing)
 .comment       0x0000007f       0x80 StdPeriph_Driver/src/stm32f4xx_gpio.o
 .comment       0x0000007f       0x80 StdPeriph_Driver/src/stm32f4xx_rcc.o
 .comment       0x0000007f       0x80 StdPeriph_Driver/src/stm32f4xx_syscfg.o
 .comment       0x0000007f       0x80 Third-Party/FreeRTOS/org/Source/list.o
 .comment       0x0000007f       0x80 Third-Party/FreeRTOS/org/Source/tasks.o
 .comment       0x0000007f       0x80 Third-Party/FreeRTOS/org/Source/portable/GCC/ARM_CM4F/port.o
 .comment       0x0000007f       0x80 Third-Party/FreeRTOS/org/Source/portable/MemMang/heap_4.o
 .comment       0x0000007f       0x80 src/main.o
 .comment       0x0000007f       0x80 src/system_stm32f4xx.o

.debug_frame    0x00000000     0x1c28
 .debug_frame   0x00000000      0x148 StdPeriph_Driver/src/stm32f4xx_exti.o
 .debug_frame   0x00000148      0x23c StdPeriph_Driver/src/stm32f4xx_gpio.o
 .debug_frame   0x00000384      0x83c StdPeriph_Driver/src/stm32f4xx_rcc.o
 .debug_frame   0x00000bc0      0x11c StdPeriph_Driver/src/stm32f4xx_syscfg.o
 .debug_frame   0x00000cdc       0xd8 Third-Party/FreeRTOS/org/Source/list.o
 .debug_frame   0x00000db4      0x808 Third-Party/FreeRTOS/org/Source/tasks.o
 .debug_frame   0x000015bc      0x1a8 Third-Party/FreeRTOS/org/Source/portable/GCC/ARM_CM4F/port.o
 .debug_frame   0x00001764      0x108 Third-Party/FreeRTOS/org/Source/portable/MemMang/heap_4.o
 .debug_frame   0x0000186c      0x148 src/main.o
 .debug_frame   0x000019b4       0x7c src/system_stm32f4xx.o
 .debug_frame   0x00001a30       0x2c d:/stm32_workbench/plugins/fr.ac6.mcu.externaltools.arm-none.win32_1.17.0.201812190825/tools/compiler/bin/../lib/gcc/arm-none-eabi/7.3.1/../../../../arm-none-eabi/lib/thumb/v7e-m/fpv4-sp/hard\libc.a(lib_a-init.o)
 .debug_frame   0x00001a5c       0x38 d:/stm32_workbench/plugins/fr.ac6.mcu.externaltools.arm-none.win32_1.17.0.201812190825/tools/compiler/bin/../lib/gcc/arm-none-eabi/7.3.1/../../../../arm-none-eabi/lib/thumb/v7e-m/fpv4-sp/hard\libc.a(lib_a-memset.o)
 .debug_frame   0x00001a94       0x5c d:/stm32_workbench/plugins/fr.ac6.mcu.externaltools.arm-none.win32_1.17.0.201812190825/tools/compiler/bin/../lib/gcc/arm-none-eabi/7.3.1/../../../../arm-none-eabi/lib/thumb/v7e-m/fpv4-sp/hard\libc.a(lib_a-__call_atexit.o)
 .debug_frame   0x00001af0       0x20 d:/stm32_workbench/plugins/fr.ac6.mcu.externaltools.arm-none.win32_1.17.0.201812190825/tools/compiler/bin/../lib/gcc/arm-none-eabi/7.3.1/../../../../arm-none-eabi/lib/thumb/v7e-m/fpv4-sp/hard\libc.a(lib_a-atexit.o)
 .debug_frame   0x00001b10       0x34 d:/stm32_workbench/plugins/fr.ac6.mcu.externaltools.arm-none.win32_1.17.0.201812190825/tools/compiler/bin/../lib/gcc/arm-none-eabi/7.3.1/../../../../arm-none-eabi/lib/thumb/v7e-m/fpv4-sp/hard\libc.a(lib_a-fini.o)
 .debug_frame   0x00001b44       0xb0 d:/stm32_workbench/plugins/fr.ac6.mcu.externaltools.arm-none.win32_1.17.0.201812190825/tools/compiler/bin/../lib/gcc/arm-none-eabi/7.3.1/../../../../arm-none-eabi/lib/thumb/v7e-m/fpv4-sp/hard\libc.a(lib_a-lock.o)
 .debug_frame   0x00001bf4       0x34 d:/stm32_workbench/plugins/fr.ac6.mcu.externaltools.arm-none.win32_1.17.0.201812190825/tools/compiler/bin/../lib/gcc/arm-none-eabi/7.3.1/../../../../arm-none-eabi/lib/thumb/v7e-m/fpv4-sp/hard\libc.a(lib_a-__atexit.o)
