Archive member included to satisfy reference by file (symbol)

d:/stm32_workbench/plugins/fr.ac6.mcu.externaltools.arm-none.win32_1.17.0.201812190825/tools/compiler/bin/../lib/gcc/arm-none-eabi/7.3.1/../../../../arm-none-eabi/lib/thumb/v7e-m/fpv4-sp/hard\libc.a(lib_a-exit.o)
                              d:/stm32_workbench/plugins/fr.ac6.mcu.externaltools.arm-none.win32_1.17.0.201812190825/tools/compiler/bin/../lib/gcc/arm-none-eabi/7.3.1/../../../../arm-none-eabi/lib/thumb/v7e-m/fpv4-sp/hard/rdimon-crt0.o (exit)
d:/stm32_workbench/plugins/fr.ac6.mcu.externaltools.arm-none.win32_1.17.0.201812190825/tools/compiler/bin/../lib/gcc/arm-none-eabi/7.3.1/../../../../arm-none-eabi/lib/thumb/v7e-m/fpv4-sp/hard\libc.a(lib_a-impure.o)
                              d:/stm32_workbench/plugins/fr.ac6.mcu.externaltools.arm-none.win32_1.17.0.201812190825/tools/compiler/bin/../lib/gcc/arm-none-eabi/7.3.1/../../../../arm-none-eabi/lib/thumb/v7e-m/fpv4-sp/hard\libc.a(lib_a-exit.o) (_global_impure_ptr)
d:/stm32_workbench/plugins/fr.ac6.mcu.externaltools.arm-none.win32_1.17.0.201812190825/tools/compiler/bin/../lib/gcc/arm-none-eabi/7.3.1/../../../../arm-none-eabi/lib/thumb/v7e-m/fpv4-sp/hard\libc.a(lib_a-init.o)
                              d:/stm32_workbench/plugins/fr.ac6.mcu.externaltools.arm-none.win32_1.17.0.201812190825/tools/compiler/bin/../lib/gcc/arm-none-eabi/7.3.1/../../../../arm-none-eabi/lib/thumb/v7e-m/fpv4-sp/hard/rdimon-crt0.o (__libc_init_array)
d:/stm32_workbench/plugins/fr.ac6.mcu.externaltools.arm-none.win32_1.17.0.201812190825/tools/compiler/bin/../lib/gcc/arm-none-eabi/7.3.1/../../../../arm-none-eabi/lib/thumb/v7e-m/fpv4-sp/hard\libc.a(lib_a-memset.o)
                              d:/stm32_workbench/plugins/fr.ac6.mcu.externaltools.arm-none.win32_1.17.0.201812190825/tools/compiler/bin/../lib/gcc/arm-none-eabi/7.3.1/../../../../arm-none-eabi/lib/thumb/v7e-m/fpv4-sp/hard/rdimon-crt0.o (memset)
d:/stm32_workbench/plugins/fr.ac6.mcu.externaltools.arm-none.win32_1.17.0.201812190825/tools/compiler/bin/../lib/gcc/arm-none-eabi/7.3.1/../../../../arm-none-eabi/lib/thumb/v7e-m/fpv4-sp/hard\libc.a(lib_a-__call_atexit.o)
                              d:/stm32_workbench/plugins/fr.ac6.mcu.externaltools.arm-none.win32_1.17.0.201812190825/tools/compiler/bin/../lib/gcc/arm-none-eabi/7.3.1/../../../../arm-none-eabi/lib/thumb/v7e-m/fpv4-sp/hard\libc.a(lib_a-exit.o) (__call_exitprocs)
d:/stm32_workbench/plugins/fr.ac6.mcu.externaltools.arm-none.win32_1.17.0.201812190825/tools/compiler/bin/../lib/gcc/arm-none-eabi/7.3.1/../../../../arm-none-eabi/lib/thumb/v7e-m/fpv4-sp/hard\libc.a(lib_a-atexit.o)
                              d:/stm32_workbench/plugins/fr.ac6.mcu.externaltools.arm-none.win32_1.17.0.201812190825/tools/compiler/bin/../lib/gcc/arm-none-eabi/7.3.1/../../../../arm-none-eabi/lib/thumb/v7e-m/fpv4-sp/hard\libc.a(lib_a-__call_atexit.o) (atexit)
d:/stm32_workbench/plugins/fr.ac6.mcu.externaltools.arm-none.win32_1.17.0.201812190825/tools/compiler/bin/../lib/gcc/arm-none-eabi/7.3.1/../../../../arm-none-eabi/lib/thumb/v7e-m/fpv4-sp/hard\libc.a(lib_a-fini.o)
                              d:/stm32_workbench/plugins/fr.ac6.mcu.externaltools.arm-none.win32_1.17.0.201812190825/tools/compiler/bin/../lib/gcc/arm-none-eabi/7.3.1/../../../../arm-none-eabi/lib/thumb/v7e-m/fpv4-sp/hard\libc.a(lib_a-__call_atexit.o) (__libc_fini_array)
d:/stm32_workbench/plugins/fr.ac6.mcu.externaltools.arm-none.win32_1.17.0.201812190825/tools/compiler/bin/../lib/gcc/arm-none-eabi/7.3.1/../../../../arm-none-eabi/lib/thumb/v7e-m/fpv4-sp/hard\libc.a(lib_a-lock.o)
                              d:/stm32_workbench/plugins/fr.ac6.mcu.externaltools.arm-none.win32_1.17.0.201812190825/tools/compiler/bin/../lib/gcc/arm-none-eabi/7.3.1/../../../../arm-none-eabi/lib/thumb/v7e-m/fpv4-sp/hard\libc.a(lib_a-__call_atexit.o) (__retarget_lock_acquire_recursive)
d:/stm32_workbench/plugins/fr.ac6.mcu.externaltools.arm-none.win32_1.17.0.201812190825/tools/compiler/bin/../lib/gcc/arm-none-eabi/7.3.1/../../../../arm-none-eabi/lib/thumb/v7e-m/fpv4-sp/hard\libc.a(lib_a-__atexit.o)
                              d:/stm32_workbench/plugins/fr.ac6.mcu.externaltools.arm-none.win32_1.17.0.201812190825/tools/compiler/bin/../lib/gcc/arm-none-eabi/7.3.1/../../../../arm-none-eabi/lib/thumb/v7e-m/fpv4-sp/hard\libc.a(lib_a-atexit.o) (__register_exitproc)
d:/stm32_workbench/plugins/fr.ac6.mcu.externaltools.arm-none.win32_1.17.0.201812190825/tools/compiler/bin/../lib/gcc/arm-none-eabi/7.3.1/../../../../arm-none-eabi/lib/thumb/v7e-m/fpv4-sp/hard\librdimon.a(rdimon-syscalls.o)
                              d:/stm32_workbench/plugins/fr.ac6.mcu.externaltools.arm-none.win32_1.17.0.201812190825/tools/compiler/bin/../lib/gcc/arm-none-eabi/7.3.1/../../../../arm-none-eabi/lib/thumb/v7e-m/fpv4-sp/hard/rdimon-crt0.o (initialise_monitor_handles)
[...]
Memory Configuration

Name             Origin             Length             Attributes
RAM              0x20000000         0x00020000         xrw
ROM              0x08000000         0x00100000         xr
*default*        0x00000000         0xffffffff

Linker script and memory map

LOAD d:/stm32_workbench/plugins/fr.ac6.mcu.externaltools.arm-none.win32_1.17.0.201812190825/tools/compiler/bin/../lib/gcc/arm-none-eabi/7.3.1/thumb/v7e-m/fpv4-sp/hard/crti.o
LOAD d:/stm32_workbench/plugins/fr.ac6.mcu.externaltools.arm-none.win32_1.17.0.201812190825/tools/compiler/bin/../lib/gcc/arm-none-eabi/7.3.1/thumb/v7e-m/fpv4-sp/hard/crtbegin.o
LOAD d:/stm32_workbench/plugins/fr.ac6.mcu.externaltools.arm-none.win32_1.17.0.201812190825/tools/compiler/bin/../lib/gcc/arm-none-eabi/7.3.1/../../../../arm-none-eabi/lib/thumb/v7e-m/fpv4-sp/hard/rdimon-crt0.o
LOAD d:/stm32_workbench/plugins/fr.ac6.mcu.externaltools.arm-none.win32_1.17.0.201812190825/tools/compiler/bin/../lib/gcc/arm-none-eabi/7.3.1/../../../../arm-none-eabi/lib/thumb/v7e-m/fpv4-sp/hard\libc.a
LOAD d:/stm32_workbench/plugins/fr.ac6.mcu.externaltools.arm-none.win32_1.17.0.201812190825/tools/compiler/bin/../lib/gcc/arm-none-eabi/7.3.1/../../../../arm-none-eabi/lib/thumb/v7e-m/fpv4-sp/hard\librdimon.a
LOAD StdPeriph_Driver/src/misc.o
LOAD StdPeriph_Driver/src/stm32f4xx_adc.o
LOAD StdPeriph_Driver/src/stm32f4xx_can.o
LOAD StdPeriph_Driver/src/stm32f4xx_cec.o
LOAD StdPeriph_Driver/src/stm32f4xx_crc.o
LOAD StdPeriph_Driver/src/stm32f4xx_cryp.o
LOAD StdPeriph_Driver/src/stm32f4xx_cryp_aes.o
LOAD StdPeriph_Driver/src/stm32f4xx_cryp_des.o
LOAD StdPeriph_Driver/src/stm32f4xx_cryp_tdes.o
LOAD StdPeriph_Driver/src/stm32f4xx_dac.o
LOAD StdPeriph_Driver/src/stm32f4xx_dbgmcu.o
LOAD StdPeriph_Driver/src/stm32f4xx_dcmi.o
LOAD StdPeriph_Driver/src/stm32f4xx_dfsdm.o
LOAD StdPeriph_Driver/src/stm32f4xx_dma.o
LOAD StdPeriph_Driver/src/stm32f4xx_dma2d.o
LOAD StdPeriph_Driver/src/stm32f4xx_dsi.o
LOAD StdPeriph_Driver/src/stm32f4xx_exti.o
LOAD StdPeriph_Driver/src/stm32f4xx_flash.o
LOAD StdPeriph_Driver/src/stm32f4xx_flash_ramfunc.o
LOAD StdPeriph_Driver/src/stm32f4xx_fmc.o
LOAD StdPeriph_Driver/src/stm32f4xx_fmip2c.o
LOAD StdPeriph_Driver/src/stm32f4xx_fsmc.o
LOAD StdPeriph_Driver/src/stm32f4xx_gpio.o
LOAD StdPeriph_Driver/src/stm32f4xx_hash.o
LOAD StdPeriph_Driver/src/stm32f4xx_hash_md5.o
LOAD StdPeriph_Driver/src/stm32f4xx_hash_sha1.o
LOAD StdPeriph_Driver/src/stm32f4xx_i2c.o
LOAD StdPeriph_Driver/src/stm32f4xx_iwdg.o
LOAD StdPeriph_Driver/src/stm32f4xx_lptim.o
LOAD StdPeriph_Driver/src/stm32f4xx_ltdc.o
LOAD StdPeriph_Driver/src/stm32f4xx_pwr.o
LOAD StdPeriph_Driver/src/stm32f4xx_qspi.o
LOAD StdPeriph_Driver/src/stm32f4xx_rcc.o
LOAD StdPeriph_Driver/src/stm32f4xx_rng.o
LOAD StdPeriph_Driver/src/stm32f4xx_rtc.o
LOAD StdPeriph_Driver/src/stm32f4xx_sai.o
LOAD StdPeriph_Driver/src/stm32f4xx_sdio.o
LOAD StdPeriph_Driver/src/stm32f4xx_spdifrx.o
LOAD StdPeriph_Driver/src/stm32f4xx_spi.o
LOAD StdPeriph_Driver/src/stm32f4xx_syscfg.o
LOAD StdPeriph_Driver/src/stm32f4xx_tim.o
LOAD StdPeriph_Driver/src/stm32f4xx_usart.o
LOAD StdPeriph_Driver/src/stm32f4xx_wwdg.o
LOAD Third-Party/FreeRTOS/org/Source/croutine.o
LOAD Third-Party/FreeRTOS/org/Source/event_groups.o
LOAD Third-Party/FreeRTOS/org/Source/list.o
LOAD Third-Party/FreeRTOS/org/Source/queue.o
LOAD Third-Party/FreeRTOS/org/Source/stream_buffer.o
LOAD Third-Party/FreeRTOS/org/Source/tasks.o
LOAD Third-Party/FreeRTOS/org/Source/timers.o
LOAD Third-Party/FreeRTOS/org/Source/portable/GCC/ARM_CM4F/port.o
LOAD Third-Party/FreeRTOS/org/Source/portable/MemMang/heap_4.o
LOAD Third-Party/SEGGER/Config/SEGGER_SYSVIEW_Config_FreeRTOS.o
LOAD Third-Party/SEGGER/OS/SEGGER_SYSVIEW_FreeRTOS.o
LOAD Third-Party/SEGGER/SEGGER/SEGGER_RTT.o
LOAD Third-Party/SEGGER/SEGGER/SEGGER_SYSVIEW.o
LOAD src/main.o
LOAD src/system_stm32f4xx.o
LOAD startup/startup_stm32.o
LOAD d:/stm32_workbench/plugins/fr.ac6.mcu.externaltools.arm-none.win32_1.17.0.201812190825/tools/compiler/bin/../lib/gcc/arm-none-eabi/7.3.1/../../../../arm-none-eabi/lib/thumb/v7e-m/fpv4-sp/hard\libm.a
START GROUP
LOAD d:/stm32_workbench/plugins/fr.ac6.mcu.externaltools.arm-none.win32_1.17.0.201812190825/tools/compiler/bin/../lib/gcc/arm-none-eabi/7.3.1/thumb/v7e-m/fpv4-sp/hard\libgcc.a
LOAD d:/stm32_workbench/plugins/fr.ac6.mcu.externaltools.arm-none.win32_1.17.0.201812190825/tools/compiler/bin/../lib/gcc/arm-none-eabi/7.3.1/../../../../arm-none-eabi/lib/thumb/v7e-m/fpv4-sp/hard\libc.a
END GROUP
START GROUP
LOAD d:/stm32_workbench/plugins/fr.ac6.mcu.externaltools.arm-none.win32_1.17.0.201812190825/tools/compiler/bin/../lib/gcc/arm-none-eabi/7.3.1/thumb/v7e-m/fpv4-sp/hard\libgcc.a
LOAD d:/stm32_workbench/plugins/fr.ac6.mcu.externaltools.arm-none.win32_1.17.0.201812190825/tools/compiler/bin/../lib/gcc/arm-none-eabi/7.3.1/../../../../arm-none-eabi/lib/thumb/v7e-m/fpv4-sp/hard\libc.a
LOAD d:/stm32_workbench/plugins/fr.ac6.mcu.externaltools.arm-none.win32_1.17.0.201812190825/tools/compiler/bin/../lib/gcc/arm-none-eabi/7.3.1/../../../../arm-none-eabi/lib/thumb/v7e-m/fpv4-sp/hard\librdimon.a
END GROUP
LOAD d:/stm32_workbench/plugins/fr.ac6.mcu.externaltools.arm-none.win32_1.17.0.201812190825/tools/compiler/bin/../lib/gcc/arm-none-eabi/7.3.1/thumb/v7e-m/fpv4-sp/hard/crtend.o
LOAD d:/stm32_workbench/plugins/fr.ac6.mcu.externaltools.arm-none.win32_1.17.0.201812190825/tools/compiler/bin/../lib/gcc/arm-none-eabi/7.3.1/thumb/v7e-m/fpv4-sp/hard/crtn.o
                0x20020000                _estack = 0x20020000
                0x00000000                _Min_Heap_Size = 0x0
                0x00000400                _Min_Stack_Size = 0x400

.isr_vector     0x08000000      0x1a8
                0x08000000                . = ALIGN (0x4)
 *(.isr_vector)
 .isr_vector    0x08000000      0x1a8 startup/startup_stm32.o
                0x08000000                g_pfnVectors
                0x080001a8                . = ALIGN (0x4)

.text           0x080001c0     0x5134
                0x080001c0                . = ALIGN (0x4)
 *(.text)
 .text          0x080001c0       0x40 d:/stm32_workbench/plugins/fr.ac6.mcu.externaltools.arm-none.win32_1.17.0.201812190825/tools/compiler/bin/../lib/gcc/arm-none-eabi/7.3.1/thumb/v7e-m/fpv4-sp/hard/crtbegin.o
 .text          0x08000200      0x134 d:/stm32_workbench/plugins/fr.ac6.mcu.externaltools.arm-none.win32_1.17.0.201812190825/tools/compiler/bin/../lib/gcc/arm-none-eabi/7.3.1/../../../../arm-none-eabi/lib/thumb/v7e-m/fpv4-sp/hard\libc.a(lib_a-memcpy.o)
                0x08000200                memcpy
 *fill*         0x08000334        0xc 
 .text          0x08000340       0xdc d:/stm32_workbench/plugins/fr.ac6.mcu.externaltools.arm-none.win32_1.17.0.201812190825/tools/compiler/bin/../lib/gcc/arm-none-eabi/7.3.1/../../../../arm-none-eabi/lib/thumb/v7e-m/fpv4-sp/hard\libc.a(lib_a-strlen.o)
                0x08000340                strlen
 *(.text*)
 .text.__libc_init_array
                0x0800041c       0x48 d:/stm32_workbench/plugins/fr.ac6.mcu.externaltools.arm-none.win32_1.17.0.201812190825/tools/compiler/bin/../lib/gcc/arm-none-eabi/7.3.1/../../../../arm-none-eabi/lib/thumb/v7e-m/fpv4-sp/hard\libc.a(lib_a-init.o)
                0x0800041c                __libc_init_array
 .text.memset   0x08000464       0x94 d:/stm32_workbench/plugins/fr.ac6.mcu.externaltools.arm-none.win32_1.17.0.201812190825/tools/compiler/bin/../lib/gcc/arm-none-eabi/7.3.1/../../../../arm-none-eabi/lib/thumb/v7e-m/fpv4-sp/hard\libc.a(lib_a-memset.o)
                0x08000464                memset
 .text.startup.register_fini
                0x080004f8       0x14 d:/stm32_workbench/plugins/fr.ac6.mcu.externaltools.arm-none.win32_1.17.0.201812190825/tools/compiler/bin/../lib/gcc/arm-none-eabi/7.3.1/../../../../arm-none-eabi/lib/thumb/v7e-m/fpv4-sp/hard\libc.a(lib_a-__call_atexit.o)
 .text.atexit   0x0800050c        0xc d:/stm32_workbench/plugins/fr.ac6.mcu.externaltools.arm-none.win32_1.17.0.201812190825/tools/compiler/bin/../lib/gcc/arm-none-eabi/7.3.1/../../../../arm-none-eabi/lib/thumb/v7e-m/fpv4-sp/hard\libc.a(lib_a-atexit.o)
                0x0800050c                atexit
 .text.__libc_fini_array
                0x08000518       0x34 d:/stm32_workbench/plugins/fr.ac6.mcu.externaltools.arm-none.win32_1.17.0.201812190825/tools/compiler/bin/../lib/gcc/arm-none-eabi/7.3.1/../../../../arm-none-eabi/lib/thumb/v7e-m/fpv4-sp/hard\libc.a(lib_a-fini.o)
                0x08000518                __libc_fini_array
 .text.__retarget_lock_acquire_recursive
                0x0800054c        0x4 d:/stm32_workbench/plugins/fr.ac6.mcu.externaltools.arm-none.win32_1.17.0.201812190825/tools/compiler/bin/../lib/gcc/arm-none-eabi/7.3.1/../../../../arm-none-eabi/lib/thumb/v7e-m/fpv4-sp/hard\libc.a(lib_a-lock.o)
                0x0800054c                __retarget_lock_acquire_recursive
 .text.__retarget_lock_release_recursive
                0x08000550        0x4 d:/stm32_workbench/plugins/fr.ac6.mcu.externaltools.arm-none.win32_1.17.0.201812190825/tools/compiler/bin/../lib/gcc/arm-none-eabi/7.3.1/../../../../arm-none-eabi/lib/thumb/v7e-m/fpv4-sp/hard\libc.a(lib_a-lock.o)
                0x08000550                __retarget_lock_release_recursive
 .text.__register_exitproc
                0x08000554       0xc0 d:/stm32_workbench/plugins/fr.ac6.mcu.externaltools.arm-none.win32_1.17.0.201812190825/tools/compiler/bin/../lib/gcc/arm-none-eabi/7.3.1/../../../../arm-none-eabi/lib/thumb/v7e-m/fpv4-sp/hard\libc.a(lib_a-__atexit.o)
                0x08000554                __register_exitproc
 .text.GPIO_Init
                0x08000614      0x11c StdPeriph_Driver/src/stm32f4xx_gpio.o
                0x08000614                GPIO_Init
 .text.GPIO_PinAFConfig
                0x08000730       0x92 StdPeriph_Driver/src/stm32f4xx_gpio.o
                0x08000730                GPIO_PinAFConfig
 *fill*         0x080007c2        0x2 
 .text.RCC_DeInit
                0x080007c4       0x70 StdPeriph_Driver/src/stm32f4xx_rcc.o
                0x080007c4                RCC_DeInit
 .text.RCC_GetClocksFreq
                0x08000834      0x150 StdPeriph_Driver/src/stm32f4xx_rcc.o
                0x08000834                RCC_GetClocksFreq
 .text.RCC_AHB1PeriphClockCmd
                0x08000984       0x40 StdPeriph_Driver/src/stm32f4xx_rcc.o
                0x08000984                RCC_AHB1PeriphClockCmd
 .text.RCC_APB1PeriphClockCmd
                0x080009c4       0x40 StdPeriph_Driver/src/stm32f4xx_rcc.o
                0x080009c4                RCC_APB1PeriphClockCmd
 .text.USART_Init
                0x08000a04      0x174 StdPeriph_Driver/src/stm32f4xx_usart.o
                0x08000a04                USART_Init
 .text.USART_Cmd
                0x08000b78       0x40 StdPeriph_Driver/src/stm32f4xx_usart.o
                0x08000b78                USART_Cmd
 .text.USART_SendData
                0x08000bb8       0x24 StdPeriph_Driver/src/stm32f4xx_usart.o
                0x08000bb8                USART_SendData
 .text.USART_GetFlagStatus
                0x08000bdc       0x38 StdPeriph_Driver/src/stm32f4xx_usart.o
                0x08000bdc                USART_GetFlagStatus
 .text.vListInitialise
                0x08000c14       0x40 Third-Party/FreeRTOS/org/Source/list.o
                0x08000c14                vListInitialise
 .text.vListInitialiseItem
                0x08000c54       0x1a Third-Party/FreeRTOS/org/Source/list.o
                0x08000c54                vListInitialiseItem
 .text.vListInsertEnd
                0x08000c6e       0x48 Third-Party/FreeRTOS/org/Source/list.o
                0x08000c6e                vListInsertEnd
 .text.vListInsert
                0x08000cb6       0x72 Third-Party/FreeRTOS/org/Source/list.o
                0x08000cb6                vListInsert
 .text.uxListRemove
                0x08000d28       0x54 Third-Party/FreeRTOS/org/Source/list.o
                0x08000d28                uxListRemove
 .text.xQueueGenericReset
                0x08000d7c       0xd0 Third-Party/FreeRTOS/org/Source/queue.o
                0x08000d7c                xQueueGenericReset
 .text.xQueueGenericCreate
                0x08000e4c       0x76 Third-Party/FreeRTOS/org/Source/queue.o
                0x08000e4c                xQueueGenericCreate
 .text.prvInitialiseNewQueue
                0x08000ec2       0x52 Third-Party/FreeRTOS/org/Source/queue.o
 .text.xQueueGenericSend
                0x08000f14      0x244 Third-Party/FreeRTOS/org/Source/queue.o
                0x08000f14                xQueueGenericSend
 .text.xQueueGenericSendFromISR
                0x08001158      0x150 Third-Party/FreeRTOS/org/Source/queue.o
                0x08001158                xQueueGenericSendFromISR
 .text.xQueueReceive
                0x080012a8      0x228 Third-Party/FreeRTOS/org/Source/queue.o
                0x080012a8                xQueueReceive
 .text.prvCopyDataToQueue
                0x080014d0       0xd4 Third-Party/FreeRTOS/org/Source/queue.o
 .text.prvCopyDataFromQueue
                0x080015a4       0x4c Third-Party/FreeRTOS/org/Source/queue.o
 .text.prvUnlockQueue
                0x080015f0       0xa4 Third-Party/FreeRTOS/org/Source/queue.o
 .text.prvIsQueueEmpty
                0x08001694       0x2c Third-Party/FreeRTOS/org/Source/queue.o
 .text.prvIsQueueFull
                0x080016c0       0x30 Third-Party/FreeRTOS/org/Source/queue.o
 .text.vQueueAddToRegistry
                0x080016f0       0x60 Third-Party/FreeRTOS/org/Source/queue.o
                0x080016f0                vQueueAddToRegistry
 .text.vQueueWaitForMessageRestricted
                0x08001750       0x68 Third-Party/FreeRTOS/org/Source/queue.o
                0x08001750                vQueueWaitForMessageRestricted
 .text.xTaskCreate
                0x080017b8       0x82 Third-Party/FreeRTOS/org/Source/tasks.o
                0x080017b8                xTaskCreate
 .text.prvInitialiseNewTask
                0x0800183a      0x126 Third-Party/FreeRTOS/org/Source/tasks.o
 .text.prvAddNewTaskToReadyList
                0x08001960      0x118 Third-Party/FreeRTOS/org/Source/tasks.o
 .text.vTaskStartScheduler
                0x08001a78       0xc0 Third-Party/FreeRTOS/org/Source/tasks.o
                0x08001a78                vTaskStartScheduler
 .text.vTaskSuspendAll
                0x08001b38       0x1c Third-Party/FreeRTOS/org/Source/tasks.o
                0x08001b38                vTaskSuspendAll
 .text.xTaskResumeAll
                0x08001b54      0x140 Third-Party/FreeRTOS/org/Source/tasks.o
                0x08001b54                xTaskResumeAll
 .text.xTaskGetTickCount
                0x08001c94       0x20 Third-Party/FreeRTOS/org/Source/tasks.o
                0x08001c94                xTaskGetTickCount
 .text.xTaskGetTickCountFromISR
                0x08001cb4       0x24 Third-Party/FreeRTOS/org/Source/tasks.o
                0x08001cb4                xTaskGetTickCountFromISR
 .text.xTaskIncrementTick
                0x08001cd8      0x178 Third-Party/FreeRTOS/org/Source/tasks.o
                0x08001cd8                xTaskIncrementTick
 .text.vTaskSwitchContext
                0x08001e50       0xdc Third-Party/FreeRTOS/org/Source/tasks.o
                0x08001e50                vTaskSwitchContext
 .text.vTaskPlaceOnEventList
                0x08001f2c       0x48 Third-Party/FreeRTOS/org/Source/tasks.o
                0x08001f2c                vTaskPlaceOnEventList
 .text.vTaskPlaceOnEventListRestricted
                0x08001f74       0x5c Third-Party/FreeRTOS/org/Source/tasks.o
                0x08001f74                vTaskPlaceOnEventListRestricted
 .text.xTaskRemoveFromEventList
                0x08001fd0       0xcc Third-Party/FreeRTOS/org/Source/tasks.o
                0x08001fd0                xTaskRemoveFromEventList
 .text.vTaskInternalSetTimeOutState
                0x0800209c       0x2c Third-Party/FreeRTOS/org/Source/tasks.o
                0x0800209c                vTaskInternalSetTimeOutState
 .text.xTaskCheckForTimeOut
                0x080020c8       0xc0 Third-Party/FreeRTOS/org/Source/tasks.o
                0x080020c8                xTaskCheckForTimeOut
 .text.vTaskMissedYield
                0x08002188       0x18 Third-Party/FreeRTOS/org/Source/tasks.o
                0x08002188                vTaskMissedYield
 .text.prvIdleTask
                0x080021a0       0x30 Third-Party/FreeRTOS/org/Source/tasks.o
 .text.prvInitialiseTaskLists
                0x080021d0       0x80 Third-Party/FreeRTOS/org/Source/tasks.o
 .text.prvCheckTasksWaitingTermination
                0x08002250       0x58 Third-Party/FreeRTOS/org/Source/tasks.o
 .text.prvDeleteTCB
                0x080022a8       0x20 Third-Party/FreeRTOS/org/Source/tasks.o
 .text.prvResetNextTaskUnblockTime
                0x080022c8       0x40 Third-Party/FreeRTOS/org/Source/tasks.o
 .text.xTaskGetSchedulerState
                0x08002308       0x3c Third-Party/FreeRTOS/org/Source/tasks.o
                0x08002308                xTaskGetSchedulerState
 .text.xTaskPriorityDisinherit
                0x08002344      0x110 Third-Party/FreeRTOS/org/Source/tasks.o
                0x08002344                xTaskPriorityDisinherit
 .text.prvAddCurrentTaskToDelayedList
                0x08002454       0xf0 Third-Party/FreeRTOS/org/Source/tasks.o
 .text.xTimerCreateTimerTask
                0x08002544       0x64 Third-Party/FreeRTOS/org/Source/timers.o
                0x08002544                xTimerCreateTimerTask
 .text.xTimerGenericCommand
                0x080025a8       0x98 Third-Party/FreeRTOS/org/Source/timers.o
                0x080025a8                xTimerGenericCommand
 .text.prvProcessExpiredTimer
                0x08002640       0x80 Third-Party/FreeRTOS/org/Source/timers.o
 .text.prvTimerTask
                0x080026c0       0x24 Third-Party/FreeRTOS/org/Source/timers.o
 .text.prvProcessTimerOrBlockTask
                0x080026e4       0x9c Third-Party/FreeRTOS/org/Source/timers.o
 .text.prvGetNextExpireTime
                0x08002780       0x48 Third-Party/FreeRTOS/org/Source/timers.o
 .text.prvSampleTimeNow
                0x080027c8       0x40 Third-Party/FreeRTOS/org/Source/timers.o
 .text.prvInsertTimerInActiveList
                0x08002808       0x84 Third-Party/FreeRTOS/org/Source/timers.o
 .text.prvProcessReceivedCommands
                0x0800288c      0x124 Third-Party/FreeRTOS/org/Source/timers.o
 .text.prvSwitchTimerLists
                0x080029b0       0xc0 Third-Party/FreeRTOS/org/Source/timers.o
 .text.prvCheckForValidListAndQueue
                0x08002a70       0x6c Third-Party/FreeRTOS/org/Source/timers.o
 .text.pxPortInitialiseStack
                0x08002adc       0x68 Third-Party/FreeRTOS/org/Source/portable/GCC/ARM_CM4F/port.o
                0x08002adc                pxPortInitialiseStack
 .text.prvTaskExitError
                0x08002b44       0x54 Third-Party/FreeRTOS/org/Source/portable/GCC/ARM_CM4F/port.o
 *fill*         0x08002b98        0x8 
 .text.SVC_Handler
                0x08002ba0       0x28 Third-Party/FreeRTOS/org/Source/portable/GCC/ARM_CM4F/port.o
                0x08002ba0                SVC_Handler
 .text.prvPortStartFirstTask
                0x08002bc8       0x28 Third-Party/FreeRTOS/org/Source/portable/GCC/ARM_CM4F/port.o
 .text.xPortStartScheduler
                0x08002bf0      0x13c Third-Party/FreeRTOS/org/Source/portable/GCC/ARM_CM4F/port.o
                0x08002bf0                xPortStartScheduler
 .text.vPortEnterCritical
                0x08002d2c       0x5c Third-Party/FreeRTOS/org/Source/portable/GCC/ARM_CM4F/port.o
                0x08002d2c                vPortEnterCritical
 .text.vPortExitCritical
                0x08002d88       0x50 Third-Party/FreeRTOS/org/Source/portable/GCC/ARM_CM4F/port.o
                0x08002d88                vPortExitCritical
 *fill*         0x08002dd8        0x8 
 .text.PendSV_Handler
                0x08002de0       0x68 Third-Party/FreeRTOS/org/Source/portable/GCC/ARM_CM4F/port.o
                0x08002de0                PendSV_Handler
 .text.SysTick_Handler
                0x08002e48       0x50 Third-Party/FreeRTOS/org/Source/portable/GCC/ARM_CM4F/port.o
                0x08002e48                SysTick_Handler
 .text.vPortSetupTimerInterrupt
                0x08002e98       0x48 Third-Party/FreeRTOS/org/Source/portable/GCC/ARM_CM4F/port.o
                0x08002e98                vPortSetupTimerInterrupt
 .text.vPortEnableVFP
                0x08002ee0       0x14 Third-Party/FreeRTOS/org/Source/portable/GCC/ARM_CM4F/port.o
 .text.vPortValidateInterruptPriority
                0x08002ef4       0x7c Third-Party/FreeRTOS/org/Source/portable/GCC/ARM_CM4F/port.o
                0x08002ef4                vPortValidateInterruptPriority
 .text.pvPortMalloc
                0x08002f70      0x184 Third-Party/FreeRTOS/org/Source/portable/MemMang/heap_4.o
                0x08002f70                pvPortMalloc
 .text.vPortFree
                0x080030f4       0xb0 Third-Party/FreeRTOS/org/Source/portable/MemMang/heap_4.o
                0x080030f4                vPortFree
 .text.prvHeapInit
                0x080031a4       0xc4 Third-Party/FreeRTOS/org/Source/portable/MemMang/heap_4.o
 .text.prvInsertBlockIntoFreeList
                0x08003268       0xb4 Third-Party/FreeRTOS/org/Source/portable/MemMang/heap_4.o
 .text._cbSendSystemDesc
                0x0800331c       0x1c Third-Party/SEGGER/Config/SEGGER_SYSVIEW_Config_FreeRTOS.o
 .text.SEGGER_SYSVIEW_Conf
                0x08003338       0x2c Third-Party/SEGGER/Config/SEGGER_SYSVIEW_Config_FreeRTOS.o
                0x08003338                SEGGER_SYSVIEW_Conf
 .text._cbSendTaskList
                0x08003364       0x90 Third-Party/SEGGER/OS/SEGGER_SYSVIEW_FreeRTOS.o
 .text._cbGetTime
                0x080033f4       0x76 Third-Party/SEGGER/OS/SEGGER_SYSVIEW_FreeRTOS.o
 *fill*         0x0800346a        0x2 
 .text.SYSVIEW_AddTask
                0x0800346c       0xd0 Third-Party/SEGGER/OS/SEGGER_SYSVIEW_FreeRTOS.o
                0x0800346c                SYSVIEW_AddTask
 .text.SYSVIEW_SendTaskInfo
                0x0800353c       0x42 Third-Party/SEGGER/OS/SEGGER_SYSVIEW_FreeRTOS.o
                0x0800353c                SYSVIEW_SendTaskInfo
 *fill*         0x0800357e        0x2 
 .text._DoInit  0x08003580       0xa4 Third-Party/SEGGER/SEGGER/SEGGER_RTT.o
 .text.SEGGER_RTT_ReadNoLock
                0x08003624      0x104 Third-Party/SEGGER/SEGGER/SEGGER_RTT.o
                0x08003624                SEGGER_RTT_ReadNoLock
 .text.SEGGER_RTT_WriteSkipNoLock
                0x08003728      0x120 Third-Party/SEGGER/SEGGER/SEGGER_RTT.o
                0x08003728                SEGGER_RTT_WriteSkipNoLock
 .text.SEGGER_RTT_ConfigUpBuffer
                0x08003848       0xd4 Third-Party/SEGGER/SEGGER/SEGGER_RTT.o
                0x08003848                SEGGER_RTT_ConfigUpBuffer
 .text.SEGGER_RTT_ConfigDownBuffer
                0x0800391c       0xd4 Third-Party/SEGGER/SEGGER/SEGGER_RTT.o
                0x0800391c                SEGGER_RTT_ConfigDownBuffer
 .text._EncodeStr
                0x080039f0       0x9a Third-Party/SEGGER/SEGGER/SEGGER_SYSVIEW.o
 .text._PreparePacket
                0x08003a8a       0x18 Third-Party/SEGGER/SEGGER/SEGGER_SYSVIEW.o
 .text._HandleIncomingPacket
                0x08003aa2       0xb8 Third-Party/SEGGER/SEGGER/SEGGER_SYSVIEW.o
 *fill*         0x08003b5a        0x2 
 .text._TrySendOverflowPacket
                0x08003b5c       0xe0 Third-Party/SEGGER/SEGGER/SEGGER_SYSVIEW.o
 .text._SendPacket
                0x08003c3c      0x1a8 Third-Party/SEGGER/SEGGER/SEGGER_SYSVIEW.o
 .text.SEGGER_SYSVIEW_Init
                0x08003de4       0x7c Third-Party/SEGGER/SEGGER/SEGGER_SYSVIEW.o
                0x08003de4                SEGGER_SYSVIEW_Init
 .text.SEGGER_SYSVIEW_SetRAMBase
                0x08003e60       0x20 Third-Party/SEGGER/SEGGER/SEGGER_SYSVIEW.o
                0x08003e60                SEGGER_SYSVIEW_SetRAMBase
 .text.SEGGER_SYSVIEW_RecordVoid
                0x08003e80       0x3c Third-Party/SEGGER/SEGGER/SEGGER_SYSVIEW.o
                0x08003e80                SEGGER_SYSVIEW_RecordVoid
 .text.SEGGER_SYSVIEW_RecordU32
                0x08003ebc       0x78 Third-Party/SEGGER/SEGGER/SEGGER_SYSVIEW.o
                0x08003ebc                SEGGER_SYSVIEW_RecordU32
 .text.SEGGER_SYSVIEW_RecordU32x2
                0x08003f34       0xb4 Third-Party/SEGGER/SEGGER/SEGGER_SYSVIEW.o
                0x08003f34                SEGGER_SYSVIEW_RecordU32x2
 .text.SEGGER_SYSVIEW_RecordU32x3
                0x08003fe8       0xec Third-Party/SEGGER/SEGGER/SEGGER_SYSVIEW.o
                0x08003fe8                SEGGER_SYSVIEW_RecordU32x3
 .text.SEGGER_SYSVIEW_RecordU32x4
                0x080040d4      0x124 Third-Party/SEGGER/SEGGER/SEGGER_SYSVIEW.o
                0x080040d4                SEGGER_SYSVIEW_RecordU32x4
 .text.SEGGER_SYSVIEW_Start
                0x080041f8      0x178 Third-Party/SEGGER/SEGGER/SEGGER_SYSVIEW.o
                0x080041f8                SEGGER_SYSVIEW_Start
 .text.SEGGER_SYSVIEW_Stop
                0x08004370       0x4c Third-Party/SEGGER/SEGGER/SEGGER_SYSVIEW.o
                0x08004370                SEGGER_SYSVIEW_Stop
 .text.SEGGER_SYSVIEW_GetSysDesc
                0x080043bc      0x134 Third-Party/SEGGER/SEGGER/SEGGER_SYSVIEW.o
                0x080043bc                SEGGER_SYSVIEW_GetSysDesc
 .text.SEGGER_SYSVIEW_SendTaskInfo
                0x080044f0      0x1cc Third-Party/SEGGER/SEGGER/SEGGER_SYSVIEW.o
                0x080044f0                SEGGER_SYSVIEW_SendTaskInfo
 .text.SEGGER_SYSVIEW_SendTaskList
                0x080046bc       0x28 Third-Party/SEGGER/SEGGER/SEGGER_SYSVIEW.o
                0x080046bc                SEGGER_SYSVIEW_SendTaskList
 .text.SEGGER_SYSVIEW_SendSysDesc
                0x080046e4       0x48 Third-Party/SEGGER/SEGGER/SEGGER_SYSVIEW.o
                0x080046e4                SEGGER_SYSVIEW_SendSysDesc
 .text.SEGGER_SYSVIEW_RecordSystime
                0x0800472c       0x60 Third-Party/SEGGER/SEGGER/SEGGER_SYSVIEW.o
                0x0800472c                SEGGER_SYSVIEW_RecordSystime
 .text.SEGGER_SYSVIEW_RecordEnterISR
                0x0800478c       0x84 Third-Party/SEGGER/SEGGER/SEGGER_SYSVIEW.o
                0x0800478c                SEGGER_SYSVIEW_RecordEnterISR
 .text.SEGGER_SYSVIEW_RecordExitISR
                0x08004810       0x38 Third-Party/SEGGER/SEGGER/SEGGER_SYSVIEW.o
                0x08004810                SEGGER_SYSVIEW_RecordExitISR
 .text.SEGGER_SYSVIEW_RecordExitISRToScheduler
                0x08004848       0x38 Third-Party/SEGGER/SEGGER/SEGGER_SYSVIEW.o
                0x08004848                SEGGER_SYSVIEW_RecordExitISRToScheduler
 .text.SEGGER_SYSVIEW_OnIdle
                0x08004880       0x38 Third-Party/SEGGER/SEGGER/SEGGER_SYSVIEW.o
                0x08004880                SEGGER_SYSVIEW_OnIdle
 .text.SEGGER_SYSVIEW_OnTaskCreate
                0x080048b8       0x88 Third-Party/SEGGER/SEGGER/SEGGER_SYSVIEW.o
                0x080048b8                SEGGER_SYSVIEW_OnTaskCreate
 .text.SEGGER_SYSVIEW_OnTaskStartExec
                0x08004940       0x88 Third-Party/SEGGER/SEGGER/SEGGER_SYSVIEW.o
                0x08004940                SEGGER_SYSVIEW_OnTaskStartExec
 .text.SEGGER_SYSVIEW_OnTaskStartReady
                0x080049c8       0x88 Third-Party/SEGGER/SEGGER/SEGGER_SYSVIEW.o
                0x080049c8                SEGGER_SYSVIEW_OnTaskStartReady
 .text.SEGGER_SYSVIEW_OnTaskStopReady
                0x08004a50       0xc0 Third-Party/SEGGER/SEGGER/SEGGER_SYSVIEW.o
                0x08004a50                SEGGER_SYSVIEW_OnTaskStopReady
 .text.SEGGER_SYSVIEW_ShrinkId
                0x08004b10       0x24 Third-Party/SEGGER/SEGGER/SEGGER_SYSVIEW.o
                0x08004b10                SEGGER_SYSVIEW_ShrinkId
 .text.SEGGER_SYSVIEW_SendModule
                0x08004b34      0x100 Third-Party/SEGGER/SEGGER/SEGGER_SYSVIEW.o
                0x08004b34                SEGGER_SYSVIEW_SendModule
 .text.SEGGER_SYSVIEW_SendModuleDescription
                0x08004c34       0x3c Third-Party/SEGGER/SEGGER/SEGGER_SYSVIEW.o
                0x08004c34                SEGGER_SYSVIEW_SendModuleDescription
 .text.SEGGER_SYSVIEW_SendNumModules
                0x08004c70       0x7c Third-Party/SEGGER/SEGGER/SEGGER_SYSVIEW.o
                0x08004c70                SEGGER_SYSVIEW_SendNumModules
 .text.SEGGER_SYSVIEW_Warn
                0x08004cec       0xb8 Third-Party/SEGGER/SEGGER/SEGGER_SYSVIEW.o
                0x08004cec                SEGGER_SYSVIEW_Warn
 .text.main     0x08004da4       0xac src/main.o
                0x08004da4                main
 .text.vTask1_handler
                0x08004e50       0x40 src/main.o
                0x08004e50                vTask1_handler
 .text.vTask2_handler
                0x08004e90       0x40 src/main.o
                0x08004e90                vTask2_handler
 .text.prvSetupUart
                0x08004ed0       0x9c src/main.o
 .text.prvSetupHardware
                0x08004f6c        0xc src/main.o
 .text.printmsg
                0x08004f78       0x50 src/main.o
                0x08004f78                printmsg
 .text.SystemInit
                0x08004fc8       0x6c src/system_stm32f4xx.o
                0x08004fc8                SystemInit
 .text.SystemCoreClockUpdate
                0x08005034       0xf8 src/system_stm32f4xx.o
                0x08005034                SystemCoreClockUpdate
 .text.SetSysClock
                0x0800512c       0xf8 src/system_stm32f4xx.o
 .text.Reset_Handler
                0x08005224       0x50 startup/startup_stm32.o
                0x08005224                Reset_Handler
 .text.Default_Handler
                0x08005274        0x2 startup/startup_stm32.o
                0x08005274                RTC_Alarm_IRQHandler
                0x08005274                HASH_RNG_IRQHandler
                0x08005274                EXTI2_IRQHandler
                0x08005274                TIM8_CC_IRQHandler
                0x08005274                DebugMon_Handler
                0x08005274                TIM1_CC_IRQHandler
                0x08005274                DMA2_Stream5_IRQHandler
                0x08005274                HardFault_Handler
                0x08005274                DMA1_Stream5_IRQHandler
                0x08005274                PVD_IRQHandler
                0x08005274                SDIO_IRQHandler
                0x08005274                TAMP_STAMP_IRQHandler
                0x08005274                NMI_Handler
                0x08005274                CAN2_RX1_IRQHandler
                0x08005274                EXTI3_IRQHandler
                0x08005274                TIM8_TRG_COM_TIM14_IRQHandler
                0x08005274                TIM1_UP_TIM10_IRQHandler
                0x08005274                TIM8_UP_TIM13_IRQHandler
                0x08005274                I2C3_ER_IRQHandler
                0x08005274                LCD_TFT_IRQHandler
                0x08005274                EXTI0_IRQHandler
                0x08005274                I2C2_EV_IRQHandler
                0x08005274                DMA1_Stream2_IRQHandler
                0x08005274                CAN1_RX0_IRQHandler
                0x08005274                FPU_IRQHandler
                0x08005274                OTG_HS_WKUP_IRQHandler
                0x08005274                UsageFault_Handler
                0x08005274                CAN2_SCE_IRQHandler
                0x08005274                DMA2_Stream2_IRQHandler
                0x08005274                SPI1_IRQHandler
                0x08005274                TIM6_DAC_IRQHandler
                0x08005274                TIM1_BRK_TIM9_IRQHandler
                0x08005274                DCMI_IRQHandler
                0x08005274                CAN2_RX0_IRQHandler
                0x08005274                DMA2_Stream3_IRQHandler
                0x08005274                USART6_IRQHandler
                0x08005274                USART3_IRQHandler
                0x08005274                CRYP_IRQHandler
                0x08005274                CAN1_RX1_IRQHandler
                0x08005274                UART5_IRQHandler
                0x08005274                DMA2_Stream0_IRQHandler
                0x08005274                TIM4_IRQHandler
                0x08005274                I2C1_EV_IRQHandler
                0x08005274                DMA1_Stream6_IRQHandler
                0x08005274                DMA1_Stream1_IRQHandler
                0x08005274                UART4_IRQHandler
                0x08005274                LCD_TFT_1_IRQHandler
                0x08005274                TIM3_IRQHandler
                0x08005274                RCC_IRQHandler
                0x08005274                TIM8_BRK_TIM12_IRQHandler
                0x08005274                Default_Handler
                0x08005274                EXTI15_10_IRQHandler
                0x08005274                ADC_IRQHandler
                0x08005274                DMA1_Stream7_IRQHandler
                0x08005274                TIM7_IRQHandler
                0x08005274                CAN2_TX_IRQHandler
                0x08005274                TIM5_IRQHandler
                0x08005274                DMA2_Stream7_IRQHandler
                0x08005274                I2C3_EV_IRQHandler
                0x08005274                EXTI9_5_IRQHandler
                0x08005274                RTC_WKUP_IRQHandler
                0x08005274                ETH_WKUP_IRQHandler
                0x08005274                SPI2_IRQHandler
                0x08005274                OTG_HS_EP1_IN_IRQHandler
                0x08005274                MemManage_Handler
                0x08005274                DMA1_Stream0_IRQHandler
                0x08005274                CAN1_TX_IRQHandler
                0x08005274                EXTI4_IRQHandler
                0x08005274                FSMC_IRQHandler
                0x08005274                ETH_IRQHandler
                0x08005274                OTG_HS_EP1_OUT_IRQHandler
                0x08005274                WWDG_IRQHandler
                0x08005274                TIM2_IRQHandler
                0x08005274                OTG_FS_WKUP_IRQHandler
                0x08005274                TIM1_TRG_COM_TIM11_IRQHandler
                0x08005274                OTG_HS_IRQHandler
                0x08005274                EXTI1_IRQHandler
                0x08005274                USART2_IRQHandler
                0x08005274                I2C2_ER_IRQHandler
                0x08005274                DMA2_Stream1_IRQHandler
                0x08005274                CAN1_SCE_IRQHandler
                0x08005274                DMA2_Stream4_IRQHandler
                0x08005274                BusFault_Handler
                0x08005274                USART1_IRQHandler
                0x08005274                OTG_FS_IRQHandler
                0x08005274                SPI3_IRQHandler
                0x08005274                DMA1_Stream4_IRQHandler
                0x08005274                I2C1_ER_IRQHandler
                0x08005274                DMA2_Stream6_IRQHandler
                0x08005274                DMA1_Stream3_IRQHandler
 *fill*         0x08005276        0x2 
 .text.memcmp   0x08005278       0x64 d:/stm32_workbench/plugins/fr.ac6.mcu.externaltools.arm-none.win32_1.17.0.201812190825/tools/compiler/bin/../lib/gcc/arm-none-eabi/7.3.1/../../../../arm-none-eabi/lib/thumb/v7e-m/fpv4-sp/hard\libc.a(lib_a-memcmp.o)
                0x08005278                memcmp
 *(.glue_7)
 .glue_7        0x080052dc        0x0 linker stubs
 *(.glue_7t)
 .glue_7t       0x080052dc        0x0 linker stubs
 *(.eh_frame)
 .eh_frame      0x080052dc        0x0 d:/stm32_workbench/plugins/fr.ac6.mcu.externaltools.arm-none.win32_1.17.0.201812190825/tools/compiler/bin/../lib/gcc/arm-none-eabi/7.3.1/thumb/v7e-m/fpv4-sp/hard/crtbegin.o
 *(.init)
 .init          0x080052dc        0x4 d:/stm32_workbench/plugins/fr.ac6.mcu.externaltools.arm-none.win32_1.17.0.201812190825/tools/compiler/bin/../lib/gcc/arm-none-eabi/7.3.1/thumb/v7e-m/fpv4-sp/hard/crti.o
                0x080052dc                _init
 .init          0x080052e0        0x8 d:/stm32_workbench/plugins/fr.ac6.mcu.externaltools.arm-none.win32_1.17.0.201812190825/tools/compiler/bin/../lib/gcc/arm-none-eabi/7.3.1/thumb/v7e-m/fpv4-sp/hard/crtn.o
 *(.fini)
 .fini          0x080052e8        0x4 d:/stm32_workbench/plugins/fr.ac6.mcu.externaltools.arm-none.win32_1.17.0.201812190825/tools/compiler/bin/../lib/gcc/arm-none-eabi/7.3.1/thumb/v7e-m/fpv4-sp/hard/crti.o
                0x080052e8                _fini
 .fini          0x080052ec        0x8 d:/stm32_workbench/plugins/fr.ac6.mcu.externaltools.arm-none.win32_1.17.0.201812190825/tools/compiler/bin/../lib/gcc/arm-none-eabi/7.3.1/thumb/v7e-m/fpv4-sp/hard/crtn.o
                0x080052f4                . = ALIGN (0x4)
                0x080052f4                _etext = .

.vfp11_veneer   0x080052f4        0x0
 .vfp11_veneer  0x080052f4        0x0 linker stubs

.v4_bx          0x080052f4        0x0
 .v4_bx         0x080052f4        0x0 linker stubs

.iplt           0x080052f4        0x0
 .iplt          0x080052f4        0x0 d:/stm32_workbench/plugins/fr.ac6.mcu.externaltools.arm-none.win32_1.17.0.201812190825/tools/compiler/bin/../lib/gcc/arm-none-eabi/7.3.1/thumb/v7e-m/fpv4-sp/hard/crtbegin.o

.rodata         0x080052f4      0x184
                0x080052f4                . = ALIGN (0x4)
 *(.rodata)
 .rodata        0x080052f4        0x5 Third-Party/FreeRTOS/org/Source/tasks.o
 *fill*         0x080052f9        0x3 
 .rodata        0x080052fc        0xd Third-Party/FreeRTOS/org/Source/timers.o
 *fill*         0x08005309        0x3 
 .rodata        0x0800530c       0x51 Third-Party/SEGGER/Config/SEGGER_SYSVIEW_Config_FreeRTOS.o
 *fill*         0x0800535d        0x3 
 .rodata        0x08005360       0x60 Third-Party/SEGGER/OS/SEGGER_SYSVIEW_FreeRTOS.o
                0x080053b8                SYSVIEW_X_OS_TraceAPI
 .rodata        0x080053c0       0x17 Third-Party/SEGGER/SEGGER/SEGGER_RTT.o
 *fill*         0x080053d7        0x1 
 .rodata        0x080053d8       0x24 Third-Party/SEGGER/SEGGER/SEGGER_SYSVIEW.o
 .rodata        0x080053fc       0x76 src/main.o
 *(.rodata*)
 *fill*         0x08005472        0x2 
 .rodata._global_impure_ptr
                0x08005474        0x4 d:/stm32_workbench/plugins/fr.ac6.mcu.externaltools.arm-none.win32_1.17.0.201812190825/tools/compiler/bin/../lib/gcc/arm-none-eabi/7.3.1/../../../../arm-none-eabi/lib/thumb/v7e-m/fpv4-sp/hard\libc.a(lib_a-impure.o)
                0x08005474                _global_impure_ptr
                0x08005478                . = ALIGN (0x4)

.rel.dyn        0x08005478        0x0
 .rel.iplt      0x08005478        0x0 d:/stm32_workbench/plugins/fr.ac6.mcu.externaltools.arm-none.win32_1.17.0.201812190825/tools/compiler/bin/../lib/gcc/arm-none-eabi/7.3.1/thumb/v7e-m/fpv4-sp/hard/crtbegin.o

.ARM.extab      0x08005478        0x0
                0x08005478                . = ALIGN (0x4)
 *(.ARM.extab* .gnu.linkonce.armextab.*)
                0x08005478                . = ALIGN (0x4)

.ARM            0x08005478        0x0
                0x08005478                . = ALIGN (0x4)
                0x08005478                __exidx_start = .
 *(.ARM.exidx*)
                0x08005478                __exidx_end = .
                0x08005478                . = ALIGN (0x4)

.preinit_array  0x08005478        0x0
                0x08005478                . = ALIGN (0x4)
                0x08005478                PROVIDE (__preinit_array_start = .)
 *(.preinit_array*)
                0x08005478                PROVIDE (__preinit_array_end = .)
                0x08005478                . = ALIGN (0x4)

.init_array     0x08005478        0x8
                0x08005478                . = ALIGN (0x4)
                0x08005478                PROVIDE (__init_array_start = .)
 *(SORT_BY_NAME(.init_array.*))
 .init_array.00000
                0x08005478        0x4 d:/stm32_workbench/plugins/fr.ac6.mcu.externaltools.arm-none.win32_1.17.0.201812190825/tools/compiler/bin/../lib/gcc/arm-none-eabi/7.3.1/../../../../arm-none-eabi/lib/thumb/v7e-m/fpv4-sp/hard\libc.a(lib_a-__call_atexit.o)
 *(.init_array*)
 .init_array    0x0800547c        0x4 d:/stm32_workbench/plugins/fr.ac6.mcu.externaltools.arm-none.win32_1.17.0.201812190825/tools/compiler/bin/../lib/gcc/arm-none-eabi/7.3.1/thumb/v7e-m/fpv4-sp/hard/crtbegin.o
                0x08005480                PROVIDE (__init_array_end = .)
                0x08005480                . = ALIGN (0x4)

.fini_array     0x08005480        0x4
                0x08005480                . = ALIGN (0x4)
                0x08005480                PROVIDE (__fini_array_start = .)
 *(SORT_BY_NAME(.fini_array.*))
 *(.fini_array*)
 .fini_array    0x08005480        0x4 d:/stm32_workbench/plugins/fr.ac6.mcu.externaltools.arm-none.win32_1.17.0.201812190825/tools/compiler/bin/../lib/gcc/arm-none-eabi/7.3.1/thumb/v7e-m/fpv4-sp/hard/crtbegin.o
                0x08005484                PROVIDE (__fini_array_end = .)
                0x08005484                . = ALIGN (0x4)
                0x08005484                _sidata = LOADADDR (.data)

.data           0x20000000      0x45c load address 0x08005484
                0x20000000                . = ALIGN (0x4)
                0x20000000                _sdata = .
 *(.data)
 .data          0x20000000       0x10 StdPeriph_Driver/src/stm32f4xx_rcc.o
 .data          0x20000010        0x4 Third-Party/FreeRTOS/org/Source/portable/GCC/ARM_CM4F/port.o
 .data          0x20000014        0x1 src/main.o
                0x20000014                USART_ACCESS_KEY
 *fill*         0x20000015        0x3 
 .data          0x20000018       0x14 src/system_stm32f4xx.o
                0x20000018                SystemCoreClock
                0x2000001c                AHBPrescTable
 *(.data*)
 *fill*         0x2000002c        0x4 
 .data.impure_data
                0x20000030      0x428 d:/stm32_workbench/plugins/fr.ac6.mcu.externaltools.arm-none.win32_1.17.0.201812190825/tools/compiler/bin/../lib/gcc/arm-none-eabi/7.3.1/../../../../arm-none-eabi/lib/thumb/v7e-m/fpv4-sp/hard\libc.a(lib_a-impure.o)
 .data.__atexit_recursive_mutex
                0x20000458        0x4 d:/stm32_workbench/plugins/fr.ac6.mcu.externaltools.arm-none.win32_1.17.0.201812190825/tools/compiler/bin/../lib/gcc/arm-none-eabi/7.3.1/../../../../arm-none-eabi/lib/thumb/v7e-m/fpv4-sp/hard\libc.a(lib_a-__call_atexit.o)
                0x20000458                __atexit_recursive_mutex
                0x2000045c                . = ALIGN (0x4)
                0x2000045c                _edata = .

.igot.plt       0x2000045c        0x0 load address 0x080058e0
 .igot.plt      0x2000045c        0x0 d:/stm32_workbench/plugins/fr.ac6.mcu.externaltools.arm-none.win32_1.17.0.201812190825/tools/compiler/bin/../lib/gcc/arm-none-eabi/7.3.1/thumb/v7e-m/fpv4-sp/hard/crtbegin.o
                0x2000045c                . = ALIGN (0x4)

.bss            0x2000045c    0x15560 load address 0x080058e0
                0x2000045c                _sbss = .
                0x2000045c                __bss_start__ = _sbss
 *(.bss)
 .bss           0x2000045c       0x1c d:/stm32_workbench/plugins/fr.ac6.mcu.externaltools.arm-none.win32_1.17.0.201812190825/tools/compiler/bin/../lib/gcc/arm-none-eabi/7.3.1/thumb/v7e-m/fpv4-sp/hard/crtbegin.o
 .bss           0x20000478      0x104 Third-Party/FreeRTOS/org/Source/tasks.o
                0x20000478                pxCurrentTCB
 .bss           0x2000057c       0x3c Third-Party/FreeRTOS/org/Source/timers.o
 .bss           0x200005b8        0x8 Third-Party/FreeRTOS/org/Source/portable/GCC/ARM_CM4F/port.o
 .bss           0x200005c0    0x12c18 Third-Party/FreeRTOS/org/Source/portable/MemMang/heap_4.o
 .bss           0x200131d8       0xa4 Third-Party/SEGGER/OS/SEGGER_SYSVIEW_FreeRTOS.o
 .bss           0x2001327c      0x411 Third-Party/SEGGER/SEGGER/SEGGER_RTT.o
 *fill*         0x2001368d        0x3 
 .bss           0x20013690     0x211b Third-Party/SEGGER/SEGGER/SEGGER_SYSVIEW.o
 *fill*         0x200157ab        0x1 
 .bss           0x200157ac        0x8 src/main.o
                0x200157ac                xTaskHandle1
                0x200157b0                xTaskHandle2
 *(.bss*)
 *(COMMON)
 COMMON         0x200157b4       0x21 d:/stm32_workbench/plugins/fr.ac6.mcu.externaltools.arm-none.win32_1.17.0.201812190825/tools/compiler/bin/../lib/gcc/arm-none-eabi/7.3.1/../../../../arm-none-eabi/lib/thumb/v7e-m/fpv4-sp/hard\libc.a(lib_a-lock.o)
                0x200157b4                __lock___atexit_recursive_mutex
                0x200157b8                __lock___arc4random_mutex
                0x200157bc                __lock___env_recursive_mutex
                0x200157c0                __lock___sinit_recursive_mutex
                0x200157c4                __lock___malloc_recursive_mutex
                0x200157c8                __lock___at_quick_exit_mutex
                0x200157cc                __lock___dd_hash_mutex
                0x200157d0                __lock___tz_mutex
                0x200157d4                __lock___sfp_recursive_mutex
 *fill*         0x200157d5        0x3 
 COMMON         0x200157d8       0x40 Third-Party/FreeRTOS/org/Source/queue.o
                0x200157d8                xQueueRegistry
 COMMON         0x20015818       0xa8 Third-Party/SEGGER/SEGGER/SEGGER_RTT.o
                0x20015818                _SEGGER_RTT
 COMMON         0x200158c0       0xfa src/main.o
                0x200158c0                usg_msg
                0x200159bc                . = ALIGN (0x4)
 *fill*         0x200159ba        0x2 
                0x200159bc                _ebss = .
                0x200159bc                __bss_end__ = _ebss

._user_heap_stack
                0x200159bc      0x404 load address 0x080058e0
                0x200159c0                . = ALIGN (0x8)
 *fill*         0x200159bc        0x4 
                0x200159c0                PROVIDE (end = .)
                [!provide]                PROVIDE (_end = .)
                0x200159c0                . = (. + _Min_Heap_Size)
                0x20015dc0                . = (. + _Min_Stack_Size)
 *fill*         0x200159c0      0x400 
                0x20015dc0                . = ALIGN (0x8)

/DISCARD/
 libc.a(*)
 libm.a(*)
 libgcc.a(*)

.ARM.attributes
                0x00000000       0x30
 *(.ARM.attributes)
 .ARM.attributes
                0x00000000       0x22 d:/stm32_workbench/plugins/fr.ac6.mcu.externaltools.arm-none.win32_1.17.0.201812190825/tools/compiler/bin/../lib/gcc/arm-none-eabi/7.3.1/thumb/v7e-m/fpv4-sp/hard/crti.o
 .ARM.attributes
                0x00000022       0x34 d:/stm32_workbench/plugins/fr.ac6.mcu.externaltools.arm-none.win32_1.17.0.201812190825/tools/compiler/bin/../lib/gcc/arm-none-eabi/7.3.1/thumb/v7e-m/fpv4-sp/hard/crtbegin.o
 .ARM.attributes
                0x00000056       0x34 d:/stm32_workbench/plugins/fr.ac6.mcu.externaltools.arm-none.win32_1.17.0.201812190825/tools/compiler/bin/../lib/gcc/arm-none-eabi/7.3.1/../../../../arm-none-eabi/lib/thumb/v7e-m/fpv4-sp/hard\libc.a(lib_a-impure.o)
 .ARM.attributes
                0x0000008a       0x34 d:/stm32_workbench/plugins/fr.ac6.mcu.externaltools.arm-none.win32_1.17.0.201812190825/tools/compiler/bin/../lib/gcc/arm-none-eabi/7.3.1/../../../../arm-none-eabi/lib/thumb/v7e-m/fpv4-sp/hard\libc.a(lib_a-init.o)
 .ARM.attributes
                0x000000be       0x34 d:/stm32_workbench/plugins/fr.ac6.mcu.externaltools.arm-none.win32_1.17.0.201812190825/tools/compiler/bin/../lib/gcc/arm-none-eabi/7.3.1/../../../../arm-none-eabi/lib/thumb/v7e-m/fpv4-sp/hard\libc.a(lib_a-memset.o)
 .ARM.attributes
                0x000000f2       0x34 d:/stm32_workbench/plugins/fr.ac6.mcu.externaltools.arm-none.win32_1.17.0.201812190825/tools/compiler/bin/../lib/gcc/arm-none-eabi/7.3.1/../../../../arm-none-eabi/lib/thumb/v7e-m/fpv4-sp/hard\libc.a(lib_a-__call_atexit.o)
 .ARM.attributes
                0x00000126       0x34 d:/stm32_workbench/plugins/fr.ac6.mcu.externaltools.arm-none.win32_1.17.0.201812190825/tools/compiler/bin/../lib/gcc/arm-none-eabi/7.3.1/../../../../arm-none-eabi/lib/thumb/v7e-m/fpv4-sp/hard\libc.a(lib_a-atexit.o)
 .ARM.attributes
                0x0000015a       0x34 d:/stm32_workbench/plugins/fr.ac6.mcu.externaltools.arm-none.win32_1.17.0.201812190825/tools/compiler/bin/../lib/gcc/arm-none-eabi/7.3.1/../../../../arm-none-eabi/lib/thumb/v7e-m/fpv4-sp/hard\libc.a(lib_a-fini.o)
 .ARM.attributes
                0x0000018e       0x34 d:/stm32_workbench/plugins/fr.ac6.mcu.externaltools.arm-none.win32_1.17.0.201812190825/tools/compiler/bin/../lib/gcc/arm-none-eabi/7.3.1/../../../../arm-none-eabi/lib/thumb/v7e-m/fpv4-sp/hard\libc.a(lib_a-lock.o)
 .ARM.attributes
                0x000001c2       0x34 d:/stm32_workbench/plugins/fr.ac6.mcu.externaltools.arm-none.win32_1.17.0.201812190825/tools/compiler/bin/../lib/gcc/arm-none-eabi/7.3.1/../../../../arm-none-eabi/lib/thumb/v7e-m/fpv4-sp/hard\libc.a(lib_a-__atexit.o)
 .ARM.attributes
                0x000001f6       0x39 StdPeriph_Driver/src/stm32f4xx_gpio.o
 .ARM.attributes
                0x0000022f       0x39 StdPeriph_Driver/src/stm32f4xx_rcc.o
 .ARM.attributes
                0x00000268       0x39 StdPeriph_Driver/src/stm32f4xx_usart.o
 .ARM.attributes
                0x000002a1       0x39 Third-Party/FreeRTOS/org/Source/list.o
 .ARM.attributes
                0x000002da       0x39 Third-Party/FreeRTOS/org/Source/queue.o
 .ARM.attributes
                0x00000313       0x39 Third-Party/FreeRTOS/org/Source/tasks.o
 .ARM.attributes
                0x0000034c       0x39 Third-Party/FreeRTOS/org/Source/timers.o
 .ARM.attributes
                0x00000385       0x39 Third-Party/FreeRTOS/org/Source/portable/GCC/ARM_CM4F/port.o
 .ARM.attributes
                0x000003be       0x39 Third-Party/FreeRTOS/org/Source/portable/MemMang/heap_4.o
 .ARM.attributes
                0x000003f7       0x39 Third-Party/SEGGER/Config/SEGGER_SYSVIEW_Config_FreeRTOS.o
 .ARM.attributes
                0x00000430       0x39 Third-Party/SEGGER/OS/SEGGER_SYSVIEW_FreeRTOS.o
 .ARM.attributes
                0x00000469       0x39 Third-Party/SEGGER/SEGGER/SEGGER_RTT.o
 .ARM.attributes
                0x000004a2       0x39 Third-Party/SEGGER/SEGGER/SEGGER_SYSVIEW.o
 .ARM.attributes
                0x000004db       0x39 src/main.o
 .ARM.attributes
                0x00000514       0x39 src/system_stm32f4xx.o
 .ARM.attributes
                0x0000054d       0x21 startup/startup_stm32.o
 .ARM.attributes
                0x0000056e       0x34 d:/stm32_workbench/plugins/fr.ac6.mcu.externaltools.arm-none.win32_1.17.0.201812190825/tools/compiler/bin/../lib/gcc/arm-none-eabi/7.3.1/../../../../arm-none-eabi/lib/thumb/v7e-m/fpv4-sp/hard\libc.a(lib_a-memcmp.o)
 .ARM.attributes
                0x000005a2       0x20 d:/stm32_workbench/plugins/fr.ac6.mcu.externaltools.arm-none.win32_1.17.0.201812190825/tools/compiler/bin/../lib/gcc/arm-none-eabi/7.3.1/../../../../arm-none-eabi/lib/thumb/v7e-m/fpv4-sp/hard\libc.a(lib_a-memcpy.o)
 .ARM.attributes
                0x000005c2       0x20 d:/stm32_workbench/plugins/fr.ac6.mcu.externaltools.arm-none.win32_1.17.0.201812190825/tools/compiler/bin/../lib/gcc/arm-none-eabi/7.3.1/../../../../arm-none-eabi/lib/thumb/v7e-m/fpv4-sp/hard\libc.a(lib_a-strlen.o)
 .ARM.attributes
                0x000005e2       0x22 d:/stm32_workbench/plugins/fr.ac6.mcu.externaltools.arm-none.win32_1.17.0.201812190825/tools/compiler/bin/../lib/gcc/arm-none-eabi/7.3.1/thumb/v7e-m/fpv4-sp/hard/crtn.o
OUTPUT(STM32_HelloWorld.elf elf32-littlearm)

.debug_frame    0x00000000     0x381c
 .debug_frame   0x00000000       0x2c d:/stm32_workbench/plugins/fr.ac6.mcu.externaltools.arm-none.win32_1.17.0.201812190825/tools/compiler/bin/../lib/gcc/arm-none-eabi/7.3.1/../../../../arm-none-eabi/lib/thumb/v7e-m/fpv4-sp/hard\libc.a(lib_a-init.o)
 .debug_frame   0x0000002c       0x38 d:/stm32_workbench/plugins/fr.ac6.mcu.externaltools.arm-none.win32_1.17.0.201812190825/tools/compiler/bin/../lib/gcc/arm-none-eabi/7.3.1/../../../../arm-none-eabi/lib/thumb/v7e-m/fpv4-sp/hard\libc.a(lib_a-memset.o)
 .debug_frame   0x00000064       0x5c d:/stm32_workbench/plugins/fr.ac6.mcu.externaltools.arm-none.win32_1.17.0.201812190825/tools/compiler/bin/../lib/gcc/arm-none-eabi/7.3.1/../../../../arm-none-eabi/lib/thumb/v7e-m/fpv4-sp/hard\libc.a(lib_a-__call_atexit.o)
 .debug_frame   0x000000c0       0x20 d:/stm32_workbench/plugins/fr.ac6.mcu.externaltools.arm-none.win32_1.17.0.201812190825/tools/compiler/bin/../lib/gcc/arm-none-eabi/7.3.1/../../../../arm-none-eabi/lib/thumb/v7e-m/fpv4-sp/hard\libc.a(lib_a-atexit.o)
 .debug_frame   0x000000e0       0x34 d:/stm32_workbench/plugins/fr.ac6.mcu.externaltools.arm-none.win32_1.17.0.201812190825/tools/compiler/bin/../lib/gcc/arm-none-eabi/7.3.1/../../../../arm-none-eabi/lib/thumb/v7e-m/fpv4-sp/hard\libc.a(lib_a-fini.o)
 .debug_frame   0x00000114       0xb0 d:/stm32_workbench/plugins/fr.ac6.mcu.externaltools.arm-none.win32_1.17.0.201812190825/tools/compiler/bin/../lib/gcc/arm-none-eabi/7.3.1/../../../../arm-none-eabi/lib/thumb/v7e-m/fpv4-sp/hard\libc.a(lib_a-lock.o)
 .debug_frame   0x000001c4       0x34 d:/stm32_workbench/plugins/fr.ac6.mcu.externaltools.arm-none.win32_1.17.0.201812190825/tools/compiler/bin/../lib/gcc/arm-none-eabi/7.3.1/../../../../arm-none-eabi/lib/thumb/v7e-m/fpv4-sp/hard\libc.a(lib_a-__atexit.o)
 .debug_frame   0x000001f8      0x23c StdPeriph_Driver/src/stm32f4xx_gpio.o
 .debug_frame   0x00000434      0x83c StdPeriph_Driver/src/stm32f4xx_rcc.o
 .debug_frame   0x00000c70      0x490 StdPeriph_Driver/src/stm32f4xx_usart.o
 .debug_frame   0x00001100       0xd8 Third-Party/FreeRTOS/org/Source/list.o
 .debug_frame   0x000011d8      0x540 Third-Party/FreeRTOS/org/Source/queue.o
 .debug_frame   0x00001718      0x86c Third-Party/FreeRTOS/org/Source/tasks.o
 .debug_frame   0x00001f84      0x340 Third-Party/FreeRTOS/org/Source/timers.o
 .debug_frame   0x000022c4      0x1a8 Third-Party/FreeRTOS/org/Source/portable/GCC/ARM_CM4F/port.o
 .debug_frame   0x0000246c      0x108 Third-Party/FreeRTOS/org/Source/portable/MemMang/heap_4.o
 .debug_frame   0x00002574       0x48 Third-Party/SEGGER/Config/SEGGER_SYSVIEW_Config_FreeRTOS.o
 .debug_frame   0x000025bc      0x100 Third-Party/SEGGER/OS/SEGGER_SYSVIEW_FreeRTOS.o
 .debug_frame   0x000026bc      0x478 Third-Party/SEGGER/SEGGER/SEGGER_RTT.o
 .debug_frame   0x00002b34      0xb5c Third-Party/SEGGER/SEGGER/SEGGER_SYSVIEW.o
 .debug_frame   0x00003690       0xd8 src/main.o
 .debug_frame   0x00003768       0x7c src/system_stm32f4xx.o
 .debug_frame   0x000037e4       0x38 d:/stm32_workbench/plugins/fr.ac6.mcu.externaltools.arm-none.win32_1.17.0.201812190825/tools/compiler/bin/../lib/gcc/arm-none-eabi/7.3.1/../../../../arm-none-eabi/lib/thumb/v7e-m/fpv4-sp/hard\libc.a(lib_a-memcmp.o)

.debug_info     0x00000000    0x10826
 .debug_info    0x00000000      0x62b StdPeriph_Driver/src/stm32f4xx_gpio.o
 .debug_info    0x0000062b      0xe67 StdPeriph_Driver/src/stm32f4xx_rcc.o
 .debug_info    0x00001492      0x9d4 StdPeriph_Driver/src/stm32f4xx_usart.o
 .debug_info    0x00001e66      0xadb Third-Party/FreeRTOS/org/Source/list.o
 .debug_info    0x00002941     0x1f3a Third-Party/FreeRTOS/org/Source/queue.o
 .debug_info    0x0000487b     0x273b Third-Party/FreeRTOS/org/Source/tasks.o
 .debug_info    0x00006fb6     0x1407 Third-Party/FreeRTOS/org/Source/timers.o
 .debug_info    0x000083bd      0x533 Third-Party/FreeRTOS/org/Source/portable/GCC/ARM_CM4F/port.o
 .debug_info    0x000088f0      0xbfc Third-Party/FreeRTOS/org/Source/portable/MemMang/heap_4.o
 .debug_info    0x000094ec      0x10f Third-Party/SEGGER/Config/SEGGER_SYSVIEW_Config_FreeRTOS.o
 .debug_info    0x000095fb      0xb8d Third-Party/SEGGER/OS/SEGGER_SYSVIEW_FreeRTOS.o
 .debug_info    0x0000a188     0x16b9 Third-Party/SEGGER/SEGGER/SEGGER_RTT.o
 .debug_info    0x0000b841     0x3aea Third-Party/SEGGER/SEGGER/SEGGER_SYSVIEW.o
 .debug_info    0x0000f32b      0xec7 src/main.o
 .debug_info    0x000101f2      0x612 src/system_stm32f4xx.o
 .debug_info    0x00010804       0x22 startup/startup_stm32.o

.debug_abbrev   0x00000000     0x22c2
 .debug_abbrev  0x00000000      0x1bf StdPeriph_Driver/src/stm32f4xx_gpio.o
 .debug_abbrev  0x000001bf      0x1d4 StdPeriph_Driver/src/stm32f4xx_rcc.o
 .debug_abbrev  0x00000393      0x187 StdPeriph_Driver/src/stm32f4xx_usart.o
 .debug_abbrev  0x0000051a      0x205 Third-Party/FreeRTOS/org/Source/list.o
 .debug_abbrev  0x0000071f      0x352 Third-Party/FreeRTOS/org/Source/queue.o
 .debug_abbrev  0x00000a71      0x388 Third-Party/FreeRTOS/org/Source/tasks.o
 .debug_abbrev  0x00000df9      0x2fe Third-Party/FreeRTOS/org/Source/timers.o
 .debug_abbrev  0x000010f7      0x210 Third-Party/FreeRTOS/org/Source/portable/GCC/ARM_CM4F/port.o
 .debug_abbrev  0x00001307      0x2d4 Third-Party/FreeRTOS/org/Source/portable/MemMang/heap_4.o
 .debug_abbrev  0x000015db       0xb5 Third-Party/SEGGER/Config/SEGGER_SYSVIEW_Config_FreeRTOS.o
 .debug_abbrev  0x00001690      0x223 Third-Party/SEGGER/OS/SEGGER_SYSVIEW_FreeRTOS.o
 .debug_abbrev  0x000018b3      0x2d6 Third-Party/SEGGER/SEGGER/SEGGER_RTT.o
 .debug_abbrev  0x00001b89      0x336 Third-Party/SEGGER/SEGGER/SEGGER_SYSVIEW.o
 .debug_abbrev  0x00001ebf      0x294 src/main.o
 .debug_abbrev  0x00002153      0x15d src/system_stm32f4xx.o
 .debug_abbrev  0x000022b0       0x12 startup/startup_stm32.o

.debug_aranges  0x00000000      0xcc0
 .debug_aranges
                0x00000000       0x88 StdPeriph_Driver/src/stm32f4xx_gpio.o
 .debug_aranges
                0x00000088      0x1c0 StdPeriph_Driver/src/stm32f4xx_rcc.o
 .debug_aranges
                0x00000248      0x100 StdPeriph_Driver/src/stm32f4xx_usart.o
 .debug_aranges
                0x00000348       0x40 Third-Party/FreeRTOS/org/Source/list.o
 .debug_aranges
                0x00000388      0x130 Third-Party/FreeRTOS/org/Source/queue.o
 .debug_aranges
                0x000004b8      0x1e8 Third-Party/FreeRTOS/org/Source/tasks.o
 .debug_aranges
                0x000006a0       0xc8 Third-Party/FreeRTOS/org/Source/timers.o
 .debug_aranges
                0x00000768       0x80 Third-Party/FreeRTOS/org/Source/portable/GCC/ARM_CM4F/port.o
 .debug_aranges
                0x000007e8       0x50 Third-Party/FreeRTOS/org/Source/portable/MemMang/heap_4.o
 .debug_aranges
                0x00000838       0x28 Third-Party/SEGGER/Config/SEGGER_SYSVIEW_Config_FreeRTOS.o
 .debug_aranges
                0x00000860       0x48 Third-Party/SEGGER/OS/SEGGER_SYSVIEW_FreeRTOS.o
 .debug_aranges
                0x000008a8      0x110 Third-Party/SEGGER/SEGGER/SEGGER_RTT.o
 .debug_aranges
                0x000009b8      0x268 Third-Party/SEGGER/SEGGER/SEGGER_SYSVIEW.o
 .debug_aranges
                0x00000c20       0x48 src/main.o
 .debug_aranges
                0x00000c68       0x30 src/system_stm32f4xx.o
 .debug_aranges
                0x00000c98       0x28 startup/startup_stm32.o

.debug_ranges   0x00000000      0xbc8
 .debug_ranges  0x00000000       0x78 StdPeriph_Driver/src/stm32f4xx_gpio.o
 .debug_ranges  0x00000078      0x1b0 StdPeriph_Driver/src/stm32f4xx_rcc.o
 .debug_ranges  0x00000228       0xf0 StdPeriph_Driver/src/stm32f4xx_usart.o
 .debug_ranges  0x00000318       0x30 Third-Party/FreeRTOS/org/Source/list.o
 .debug_ranges  0x00000348      0x120 Third-Party/FreeRTOS/org/Source/queue.o
 .debug_ranges  0x00000468      0x1d8 Third-Party/FreeRTOS/org/Source/tasks.o
 .debug_ranges  0x00000640       0xb8 Third-Party/FreeRTOS/org/Source/timers.o
 .debug_ranges  0x000006f8       0x70 Third-Party/FreeRTOS/org/Source/portable/GCC/ARM_CM4F/port.o
 .debug_ranges  0x00000768       0x40 Third-Party/FreeRTOS/org/Source/portable/MemMang/heap_4.o
 .debug_ranges  0x000007a8       0x18 Third-Party/SEGGER/Config/SEGGER_SYSVIEW_Config_FreeRTOS.o
 .debug_ranges  0x000007c0       0x38 Third-Party/SEGGER/OS/SEGGER_SYSVIEW_FreeRTOS.o
 .debug_ranges  0x000007f8      0x100 Third-Party/SEGGER/SEGGER/SEGGER_RTT.o
 .debug_ranges  0x000008f8      0x258 Third-Party/SEGGER/SEGGER/SEGGER_SYSVIEW.o
 .debug_ranges  0x00000b50       0x38 src/main.o
 .debug_ranges  0x00000b88       0x20 src/system_stm32f4xx.o
 .debug_ranges  0x00000ba8       0x20 startup/startup_stm32.o

.debug_macro    0x00000000     0x2f1b
 .debug_macro   0x00000000      0x1bc StdPeriph_Driver/src/stm32f4xx_gpio.o
 .debug_macro   0x000001bc      0x2f5 StdPeriph_Driver/src/stm32f4xx_gpio.o
 .debug_macro   0x000004b1      0x28b StdPeriph_Driver/src/stm32f4xx_rcc.o
 .debug_macro   0x0000073c      0x1d4 StdPeriph_Driver/src/stm32f4xx_usart.o
 .debug_macro   0x00000910      0x21d StdPeriph_Driver/src/stm32f4xx_usart.o
 .debug_macro   0x00000b2d      0x1b9 Third-Party/FreeRTOS/org/Source/list.o
 .debug_macro   0x00000ce6      0x243 Third-Party/FreeRTOS/org/Source/queue.o
 .debug_macro   0x00000f29       0x16 Third-Party/FreeRTOS/org/Source/queue.o
 .debug_macro   0x00000f3f       0x35 Third-Party/FreeRTOS/org/Source/queue.o
 .debug_macro   0x00000f74       0x80 Third-Party/FreeRTOS/org/Source/queue.o
 .debug_macro   0x00000ff4      0x2b4 Third-Party/FreeRTOS/org/Source/tasks.o
 .debug_macro   0x000012a8       0x10 Third-Party/FreeRTOS/org/Source/tasks.o
 .debug_macro   0x000012b8      0x1fc Third-Party/FreeRTOS/org/Source/timers.o
 .debug_macro   0x000014b4       0x97 Third-Party/FreeRTOS/org/Source/timers.o
 .debug_macro   0x0000154b      0x1d5 Third-Party/FreeRTOS/org/Source/portable/GCC/ARM_CM4F/port.o
 .debug_macro   0x00001720      0x1e0 Third-Party/FreeRTOS/org/Source/portable/MemMang/heap_4.o
 .debug_macro   0x00001900      0x115 Third-Party/SEGGER/Config/SEGGER_SYSVIEW_Config_FreeRTOS.o
 .debug_macro   0x00001a15      0x1cf Third-Party/SEGGER/OS/SEGGER_SYSVIEW_FreeRTOS.o
 .debug_macro   0x00001be4      0x164 Third-Party/SEGGER/SEGGER/SEGGER_RTT.o
 .debug_macro   0x00001d48       0x4f Third-Party/SEGGER/SEGGER/SEGGER_RTT.o
 .debug_macro   0x00001d97      0x115 Third-Party/SEGGER/SEGGER/SEGGER_RTT.o
 .debug_macro   0x00001eac      0x1f8 Third-Party/SEGGER/SEGGER/SEGGER_SYSVIEW.o
 .debug_macro   0x000020a4       0x65 Third-Party/SEGGER/SEGGER/SEGGER_SYSVIEW.o
 .debug_macro   0x00002109       0x35 Third-Party/SEGGER/SEGGER/SEGGER_SYSVIEW.o
 .debug_macro   0x0000213e      0x11b Third-Party/SEGGER/SEGGER/SEGGER_SYSVIEW.o
 .debug_macro   0x00002259      0x421 src/main.o
 .debug_macro   0x0000267a       0x16 src/main.o
 .debug_macro   0x00002690       0x97 src/main.o
 .debug_macro   0x00002727       0xfd src/main.o
 .debug_macro   0x00002824       0x10 src/main.o
 .debug_macro   0x00002834       0x10 src/main.o
 .debug_macro   0x00002844       0x1c src/main.o
 .debug_macro   0x00002860       0x52 src/main.o
 .debug_macro   0x000028b2       0x40 src/main.o
 .debug_macro   0x000028f2       0x10 src/main.o
 .debug_macro   0x00002902       0x40 src/main.o
 .debug_macro   0x00002942       0xd7 src/main.o
 .debug_macro   0x00002a19       0x1c src/main.o
 .debug_macro   0x00002a35       0x3d src/main.o
 .debug_macro   0x00002a72       0x16 src/main.o
 .debug_macro   0x00002a88      0x16f src/main.o
 .debug_macro   0x00002bf7      0x106 src/main.o
 .debug_macro   0x00002cfd       0x4c src/main.o
 .debug_macro   0x00002d49      0x1d2 src/system_stm32f4xx.o

.debug_line     0x00000000     0x946c
 .debug_line    0x00000000      0x734 StdPeriph_Driver/src/stm32f4xx_gpio.o
 .debug_line    0x00000734      0xa28 StdPeriph_Driver/src/stm32f4xx_rcc.o
 .debug_line    0x0000115c      0x87a StdPeriph_Driver/src/stm32f4xx_usart.o
 .debug_line    0x000019d6      0x61b Third-Party/FreeRTOS/org/Source/list.o
 .debug_line    0x00001ff1      0xf83 Third-Party/FreeRTOS/org/Source/queue.o
 .debug_line    0x00002f74     0x12b8 Third-Party/FreeRTOS/org/Source/tasks.o
 .debug_line    0x0000422c      0x95b Third-Party/FreeRTOS/org/Source/timers.o
 .debug_line    0x00004b87      0x751 Third-Party/FreeRTOS/org/Source/portable/GCC/ARM_CM4F/port.o
 .debug_line    0x000052d8      0x701 Third-Party/FreeRTOS/org/Source/portable/MemMang/heap_4.o
 .debug_line    0x000059d9      0x53c Third-Party/SEGGER/Config/SEGGER_SYSVIEW_Config_FreeRTOS.o
 .debug_line    0x00005f15      0x6ac Third-Party/SEGGER/OS/SEGGER_SYSVIEW_FreeRTOS.o
 .debug_line    0x000065c1      0x7a0 Third-Party/SEGGER/SEGGER/SEGGER_RTT.o
 .debug_line    0x00006d61     0x1673 Third-Party/SEGGER/SEGGER/SEGGER_SYSVIEW.o
 .debug_line    0x000083d4      0x9f3 src/main.o
 .debug_line    0x00008dc7      0x629 src/system_stm32f4xx.o
 .debug_line    0x000093f0       0x7c startup/startup_stm32.o

.debug_str      0x00000000    0x7126c
 .debug_str     0x00000000    0x5ea95 StdPeriph_Driver/src/stm32f4xx_gpio.o
                              0x5ec94 (size before relaxing)
 .debug_str     0x0005ea95      0xdb7 StdPeriph_Driver/src/stm32f4xx_rcc.o
                              0x5f7a1 (size before relaxing)
 .debug_str     0x0005f84c      0x53a StdPeriph_Driver/src/stm32f4xx_usart.o
                              0x5efa7 (size before relaxing)
 .debug_str     0x0005fd86     0x9b3e Third-Party/FreeRTOS/org/Source/list.o
                               0xd87c (size before relaxing)
 .debug_str     0x000698c4     0x15ef Third-Party/FreeRTOS/org/Source/queue.o
                               0xee5e (size before relaxing)
 .debug_str     0x0006aeb3     0x1cb6 Third-Party/FreeRTOS/org/Source/tasks.o
                               0xfc8b (size before relaxing)
 .debug_str     0x0006cb69      0x47f Third-Party/FreeRTOS/org/Source/timers.o
                               0xf21a (size before relaxing)
 .debug_str     0x0006cfe8      0x7fb Third-Party/FreeRTOS/org/Source/portable/GCC/ARM_CM4F/port.o
                               0xb946 (size before relaxing)
 .debug_str     0x0006d7e3      0x249 Third-Party/FreeRTOS/org/Source/portable/MemMang/heap_4.o
                               0xdf9f (size before relaxing)
 .debug_str     0x0006da2c      0x174 Third-Party/SEGGER/Config/SEGGER_SYSVIEW_Config_FreeRTOS.o
                               0xa499 (size before relaxing)
 .debug_str     0x0006dba0       0xfb Third-Party/SEGGER/OS/SEGGER_SYSVIEW_FreeRTOS.o
                               0xdd9f (size before relaxing)
 .debug_str     0x0006dc9b      0xdca Third-Party/SEGGER/SEGGER/SEGGER_RTT.o
                               0x6dc2 (size before relaxing)
 .debug_str     0x0006ea65     0x12f7 Third-Party/SEGGER/SEGGER/SEGGER_SYSVIEW.o
                               0x8d68 (size before relaxing)
 .debug_str     0x0006fd5c     0x13cc src/main.o
                              0x6a07b (size before relaxing)
 .debug_str     0x00071128      0x11b src/system_stm32f4xx.o
                              0x5ebe7 (size before relaxing)
 .debug_str     0x00071243       0x29 startup/startup_stm32.o
                                 0x4e (size before relaxing)

.comment        0x00000000       0x7f
 .comment       0x00000000       0x7f StdPeriph_Driver/src/stm32f4xx_gpio.o
                                 0x80 (size before relaxing)
 .comment       0x0000007f       0x80 StdPeriph_Driver/src/stm32f4xx_rcc.o
 .comment       0x0000007f       0x80 StdPeriph_Driver/src/stm32f4xx_usart.o
 .comment       0x0000007f       0x80 Third-Party/FreeRTOS/org/Source/list.o
 .comment       0x0000007f       0x80 Third-Party/FreeRTOS/org/Source/queue.o
 .comment       0x0000007f       0x80 Third-Party/FreeRTOS/org/Source/tasks.o
 .comment       0x0000007f       0x80 Third-Party/FreeRTOS/org/Source/timers.o
 .comment       0x0000007f       0x80 Third-Party/FreeRTOS/org/Source/portable/GCC/ARM_CM4F/port.o
 .comment       0x0000007f       0x80 Third-Party/FreeRTOS/org/Source/portable/MemMang/heap_4.o
 .comment       0x0000007f       0x80 Third-Party/SEGGER/Config/SEGGER_SYSVIEW_Config_FreeRTOS.o
 .comment       0x0000007f       0x80 Third-Party/SEGGER/OS/SEGGER_SYSVIEW_FreeRTOS.o
 .comment       0x0000007f       0x80 Third-Party/SEGGER/SEGGER/SEGGER_RTT.o
 .comment       0x0000007f       0x80 Third-Party/SEGGER/SEGGER/SEGGER_SYSVIEW.o
 .comment       0x0000007f       0x80 src/main.o
 .comment       0x0000007f       0x80 src/system_stm32f4xx.o
